// Jest Snapshot v1, https://goo.gl/fbAQLP

exports[`ListSelectionBar component should match the snapshot with default props 1`] = `
<View
  style={
    Object {
      "backgroundColor": "#E6E9F2",
      "flexDirection": "row",
      "justifyContent": "space-around",
      "padding": 5,
      "zIndex": 1,
    }
  }
>
  <View
    style={
      Object {
        "flex": 1,
        "margin": 5,
      }
    }
  >
    <View
      accessibilityLabel="Cancel"
      accessibilityRole="button"
      accessibilityState={
        Object {
          "disabled": false,
        }
      }
      accessible={true}
      collapsable={false}
      focusable={true}
      onBlur={[Function]}
      onClick={[Function]}
      onFocus={[Function]}
      onResponderGrant={[Function]}
      onResponderMove={[Function]}
      onResponderRelease={[Function]}
      onResponderTerminate={[Function]}
      onResponderTerminationRequest={[Function]}
      onStartShouldSetResponder={[Function]}
      style={Object {}}
    >
      <View
        style={
          Array [
            Object {
              "alignItems": "center",
              "borderRadius": 4,
              "elevation": 0,
              "flexDirection": "row",
              "justifyContent": "center",
              "paddingHorizontal": 16,
              "textAlignVertical": "center",
            },
            false,
            Object {
              "borderWidth": 1,
            },
            Object {
              "height": 40,
            },
            false,
            Object {
              "backgroundColor": "rgba(0,115,230,0)",
              "borderColor": "#0073E6",
            },
            Object {
              "backgroundColor": undefined,
              "borderColor": undefined,
              "transform": Array [
                Object {
                  "scale": undefined,
                },
              ],
            },
          ]
        }
      >
        <Text
          allowFontScaling={false}
          ellipsizeMode="tail"
          importantForAccessibility="no-hide-descendants"
          maxFontSizeMultiplier={1.3}
          numberOfLines={1}
          style={
            Array [
              Object {
                "fontFamily": "Titillium Web",
                "fontStyle": "normal",
                "fontWeight": "700",
              },
              Object {
                "alignSelf": "center",
              },
              Object {
                "color": "#0073E6",
              },
              Object {
                "color": undefined,
              },
            ]
          }
        >
          Cancel
        </Text>
      </View>
    </View>
  </View>
  <View
    style={
      Object {
        "flex": 1,
        "margin": 5,
      }
    }
  >
    <View
      accessibilityLabel="archive"
      accessibilityRole="button"
      accessibilityState={
        Object {
          "busy": false,
          "disabled": false,
        }
      }
      accessible={true}
      collapsable={false}
      focusable={true}
      onBlur={[Function]}
      onClick={[Function]}
      onFocus={[Function]}
      onResponderGrant={[Function]}
      onResponderMove={[Function]}
      onResponderRelease={[Function]}
      onResponderTerminate={[Function]}
      onResponderTerminationRequest={[Function]}
      onStartShouldSetResponder={[Function]}
      style={Object {}}
    >
      <View
        style={
          Array [
            Object {
              "alignItems": "center",
              "borderRadius": 4,
              "elevation": 0,
              "flexDirection": "row",
              "justifyContent": "center",
              "paddingHorizontal": 16,
              "textAlignVertical": "center",
            },
            Object {
              "overflow": "hidden",
            },
            false,
            Object {
              "height": 40,
            },
            Object {
              "backgroundColor": "#0073E6",
            },
            Object {
              "backgroundColor": undefined,
              "transform": Array [
                Object {
                  "scale": undefined,
                },
              ],
            },
          ]
        }
      >
        <View
          exiting={[Function]}
          style={
            Array [
              Object {
                "alignItems": "center",
                "flexDirection": "row",
                "justifyContent": "center",
              },
              false,
            ]
          }
        >
          <Text
            allowFontScaling={false}
            color="white"
            defaultColor="white"
            defaultWeight="Bold"
            ellipsizeMode="tail"
            font="TitilliumWeb"
            fontStyle={
              Object {
                "fontSize": 16,
              }
            }
            importantForAccessibility="no-hide-descendants"
            maxFontSizeMultiplier={1.3}
            numberOfLines={1}
            style={
              Array [
                Object {
                  "alignSelf": "center",
                },
                Object {
                  "fontSize": 16,
                },
                Object {
                  "color": "#FFFFFF",
                  "fontFamily": "Titillium Web",
                  "fontStyle": "normal",
                  "fontWeight": "700",
                },
              ]
            }
            weight="Bold"
          >
            archive
          </Text>
        </View>
      </View>
    </View>
  </View>
</View>
`;
