// Jest Snapshot v1, https://goo.gl/fbAQLP

exports[`Test DocumentsNavigationBar component should render a DocumentsNavigationBar Component with props correctly 1`] = `
<View
  style={
    [
      {
        "borderBottomWidth": 0,
        "elevation": 8,
        "position": "relative",
        "shadowColor": "#0E0F13",
        "shadowOffset": {
          "height": 2,
          "width": 0,
        },
        "shadowOpacity": 0.2,
        "shadowRadius": 3,
        "zIndex": 999,
      },
      {
        "alignItems": "center",
        "flexDirection": "row",
        "paddingBottom": 14,
        "paddingTop": 12,
      },
      {
        "backgroundColor": "#FFFFFF",
        "borderColor": "#D2D6E3",
      },
    ]
  }
>
  <View
    style={
      {
        "display": "flex",
        "flexDirection": "row",
        "gap": 8,
      }
    }
  >
    <View
      accessibilityLabel="previous"
      accessibilityRole="button"
      accessibilityState={
        {
          "busy": undefined,
          "checked": undefined,
          "disabled": false,
          "expanded": undefined,
          "selected": undefined,
        }
      }
      accessibilityValue={
        {
          "max": undefined,
          "min": undefined,
          "now": undefined,
          "text": undefined,
        }
      }
      accessible={true}
      collapsable={false}
      focusable={true}
      hitSlop={8}
      onBlur={[Function]}
      onClick={[Function]}
      onFocus={[Function]}
      onResponderGrant={[Function]}
      onResponderMove={[Function]}
      onResponderRelease={[Function]}
      onResponderTerminate={[Function]}
      onResponderTerminationRequest={[Function]}
      onStartShouldSetResponder={[Function]}
      testID="DocumentsNavigationBarLeftButtonTestID"
    >
      <View
        collapsable={false}
        jestAnimatedProps={
          {
            "value": {},
          }
        }
        jestAnimatedStyle={
          {
            "value": {
              "transform": [
                {
                  "scale": 1,
                },
              ],
            },
          }
        }
        jestInlineStyle={
          [
            {
              "alignItems": "center",
              "justifyContent": "center",
            },
            {
              "height": 24,
              "width": 24,
            },
          ]
        }
        style={
          [
            {
              "alignItems": "center",
              "justifyContent": "center",
            },
            {
              "height": 24,
              "width": 24,
            },
            {
              "transform": [
                {
                  "scale": 1,
                },
              ],
            },
          ]
        }
      >
        <RNSVGSvgView
          accessibilityElementsHidden={true}
          accessibilityLabel=""
          accessible={false}
          align="xMidYMid"
          bbHeight={36}
          bbWidth={36}
          collapsable={false}
          color="#0B3EE3"
          focusable={false}
          height={36}
          importantForAccessibility="no-hide-descendants"
          jestAnimatedProps={
            {
              "value": {
                "color": "rgba(11, 62, 227, 1)",
              },
            }
          }
          jestAnimatedStyle={
            {
              "value": {},
            }
          }
          meetOrSlice={0}
          minX={0}
          minY={0}
          style={
            [
              {
                "backgroundColor": "transparent",
                "borderWidth": 0,
              },
              {
                "flex": 0,
                "height": 36,
                "width": 36,
              },
            ]
          }
          vbHeight={24}
          vbWidth={24}
          width={36}
        >
          <RNSVGGroup
            fill={
              {
                "payload": 4278190080,
                "type": 0,
              }
            }
          >
            <RNSVGPath
              clipRule={0}
              d="M15.7071 5.29289c-.3905-.39052-1.0237-.39052-1.4142 0L8.29289 11.2929c-.39052.3905-.39052 1.0237 0 1.4142l6.00001 6c.3905.3905 1.0237.3905 1.4142 0 .3905-.3905.3905-1.0237 0-1.4142L10.4142 12l5.2929-5.29289c.3905-.39053.3905-1.02369 0-1.41422Z"
              fill={
                {
                  "type": 2,
                }
              }
              fillRule={0}
              propList={
                [
                  "fill",
                  "fillRule",
                ]
              }
            />
          </RNSVGGroup>
        </RNSVGSvgView>
      </View>
    </View>
    <Text
      allowFontScaling={true}
      dynamicTypeRamp="headline"
      maxFontSizeMultiplier={1.5}
      style={
        [
          {},
          {
            "color": "#0E0F13",
            "fontFamily": "Titillio",
            "fontSize": 16,
            "fontStyle": "normal",
            "fontWeight": "600",
            "lineHeight": 24,
          },
        ]
      }
    >
      Documento 1 di 2
    </Text>
    <View
      accessibilityLabel="next"
      accessibilityRole="button"
      accessibilityState={
        {
          "busy": undefined,
          "checked": undefined,
          "disabled": false,
          "expanded": undefined,
          "selected": undefined,
        }
      }
      accessibilityValue={
        {
          "max": undefined,
          "min": undefined,
          "now": undefined,
          "text": undefined,
        }
      }
      accessible={true}
      collapsable={false}
      focusable={true}
      hitSlop={8}
      onBlur={[Function]}
      onClick={[Function]}
      onFocus={[Function]}
      onResponderGrant={[Function]}
      onResponderMove={[Function]}
      onResponderRelease={[Function]}
      onResponderTerminate={[Function]}
      onResponderTerminationRequest={[Function]}
      onStartShouldSetResponder={[Function]}
      testID="DocumentsNavigationBarRightButtonTestID"
    >
      <View
        collapsable={false}
        jestAnimatedProps={
          {
            "value": {},
          }
        }
        jestAnimatedStyle={
          {
            "value": {
              "transform": [
                {
                  "scale": 1,
                },
              ],
            },
          }
        }
        jestInlineStyle={
          [
            {
              "alignItems": "center",
              "justifyContent": "center",
            },
            {
              "height": 24,
              "width": 24,
            },
          ]
        }
        style={
          [
            {
              "alignItems": "center",
              "justifyContent": "center",
            },
            {
              "height": 24,
              "width": 24,
            },
            {
              "transform": [
                {
                  "scale": 1,
                },
              ],
            },
          ]
        }
      >
        <RNSVGSvgView
          accessibilityElementsHidden={true}
          accessibilityLabel=""
          accessible={false}
          align="xMidYMid"
          bbHeight={36}
          bbWidth={36}
          collapsable={false}
          color="#0B3EE3"
          focusable={false}
          height={36}
          importantForAccessibility="no-hide-descendants"
          jestAnimatedProps={
            {
              "value": {
                "color": "rgba(11, 62, 227, 1)",
              },
            }
          }
          jestAnimatedStyle={
            {
              "value": {},
            }
          }
          meetOrSlice={0}
          minX={0}
          minY={0}
          style={
            [
              {
                "backgroundColor": "transparent",
                "borderWidth": 0,
              },
              {
                "flex": 0,
                "height": 36,
                "width": 36,
              },
            ]
          }
          vbHeight={24}
          vbWidth={24}
          width={36}
        >
          <RNSVGGroup
            fill={
              {
                "payload": 4278190080,
                "type": 0,
              }
            }
          >
            <RNSVGPath
              clipRule={0}
              d="M8.29289 5.29289c.39053-.39052 1.02369-.39052 1.41422 0l5.99999 6.00001c.3905.3905.3905 1.0237 0 1.4142l-5.99999 6c-.39053.3905-1.02369.3905-1.41422 0-.39052-.3905-.39052-1.0237 0-1.4142L13.5858 12 8.29289 6.70711c-.39052-.39053-.39052-1.02369 0-1.41422Z"
              fill={
                {
                  "type": 2,
                }
              }
              fillRule={0}
              propList={
                [
                  "fill",
                  "fillRule",
                ]
              }
            />
          </RNSVGGroup>
        </RNSVGSvgView>
      </View>
    </View>
  </View>
  <View
    style={
      {
        "flex": 1,
      }
    }
  />
  <View
    style={
      {
        "paddingHorizontal": 24,
      }
    }
  >
    <Text
      allowFontScaling={true}
      dynamicTypeRamp="headline"
      maxFontSizeMultiplier={1.5}
      style={
        [
          {},
          {
            "color": "#0E0F13",
            "fontFamily": "Titillio",
            "fontSize": 16,
            "fontStyle": "normal",
            "fontWeight": "600",
            "lineHeight": 24,
          },
        ]
      }
    >
      Pagina 1 di 2
    </Text>
  </View>
</View>
`;
