// Jest Snapshot v1, https://goo.gl/fbAQLP

exports[`Test LinkedText component should render a LinkedText component with props correctly 1`] = `
<Text
  allowFontScaling={true}
  dynamicTypeRamp="title3"
  maxFontSizeMultiplier={1.5}
  style={
    [
      {},
      {
        "color": "#0E0F13",
        "fontFamily": "Titillio",
        "fontSize": 20,
        "fontStyle": "normal",
        "fontWeight": "600",
        "lineHeight": 24,
      },
    ]
  }
>
  <Text
    allowFontScaling={true}
    dynamicTypeRamp="headline"
    maxFontSizeMultiplier={1.5}
    style={
      [
        {},
        {
          "color": "#0E0F13",
          "fontFamily": "Titillio",
          "fontSize": 16,
          "fontStyle": "normal",
          "fontWeight": "600",
          "lineHeight": 24,
        },
      ]
    }
  />
  <Text
    allowFontScaling={true}
    dynamicTypeRamp="headline"
    maxFontSizeMultiplier={1.5}
    style={
      [
        {},
        {
          "color": "#0E0F13",
          "fontFamily": "Titillio",
          "fontSize": 16,
          "fontStyle": "normal",
          "fontWeight": "600",
          "lineHeight": 24,
        },
      ]
    }
  >
    C
  </Text>
  <Text
    allowFontScaling={true}
    dynamicTypeRamp="headline"
    maxFontSizeMultiplier={1.5}
    style={
      [
        {},
        {
          "color": "#0E0F13",
          "fontFamily": "Titillio",
          "fontSize": 16,
          "fontStyle": "normal",
          "fontWeight": "600",
          "lineHeight": 24,
        },
      ]
    }
  >
    l
  </Text>
  <Text
    allowFontScaling={true}
    dynamicTypeRamp="headline"
    maxFontSizeMultiplier={1.5}
    style={
      [
        {},
        {
          "color": "#0E0F13",
          "fontFamily": "Titillio",
          "fontSize": 16,
          "fontStyle": "normal",
          "fontWeight": "600",
          "lineHeight": 24,
        },
      ]
    }
  >
    a
  </Text>
  <Text
    allowFontScaling={true}
    dynamicTypeRamp="headline"
    maxFontSizeMultiplier={1.5}
    style={
      [
        {},
        {
          "color": "#0E0F13",
          "fontFamily": "Titillio",
          "fontSize": 16,
          "fontStyle": "normal",
          "fontWeight": "600",
          "lineHeight": 24,
        },
      ]
    }
  >
    u
  </Text>
  <Text
    allowFontScaling={true}
    dynamicTypeRamp="headline"
    maxFontSizeMultiplier={1.5}
    style={
      [
        {},
        {
          "color": "#0E0F13",
          "fontFamily": "Titillio",
          "fontSize": 16,
          "fontStyle": "normal",
          "fontWeight": "600",
          "lineHeight": 24,
        },
      ]
    }
  >
    s
  </Text>
  <Text
    allowFontScaling={true}
    dynamicTypeRamp="headline"
    maxFontSizeMultiplier={1.5}
    style={
      [
        {},
        {
          "color": "#0E0F13",
          "fontFamily": "Titillio",
          "fontSize": 16,
          "fontStyle": "normal",
          "fontWeight": "600",
          "lineHeight": 24,
        },
      ]
    }
  >
    e
  </Text>
  <Text
    allowFontScaling={true}
    dynamicTypeRamp="headline"
    maxFontSizeMultiplier={1.5}
    style={
      [
        {},
        {
          "color": "#0E0F13",
          "fontFamily": "Titillio",
          "fontSize": 16,
          "fontStyle": "normal",
          "fontWeight": "600",
          "lineHeight": 24,
        },
      ]
    }
  >
     
  </Text>
  <Text
    allowFontScaling={true}
    dynamicTypeRamp="headline"
    maxFontSizeMultiplier={1.5}
    style={
      [
        {},
        {
          "color": "#0E0F13",
          "fontFamily": "Titillio",
          "fontSize": 16,
          "fontStyle": "normal",
          "fontWeight": "600",
          "lineHeight": 24,
        },
      ]
    }
  >
    t
  </Text>
  <Text
    allowFontScaling={true}
    dynamicTypeRamp="headline"
    maxFontSizeMultiplier={1.5}
    style={
      [
        {},
        {
          "color": "#0E0F13",
          "fontFamily": "Titillio",
          "fontSize": 16,
          "fontStyle": "normal",
          "fontWeight": "600",
          "lineHeight": 24,
        },
      ]
    }
  >
    i
  </Text>
  <Text
    allowFontScaling={true}
    dynamicTypeRamp="headline"
    maxFontSizeMultiplier={1.5}
    style={
      [
        {},
        {
          "color": "#0E0F13",
          "fontFamily": "Titillio",
          "fontSize": 16,
          "fontStyle": "normal",
          "fontWeight": "600",
          "lineHeight": 24,
        },
      ]
    }
  >
    t
  </Text>
  <Text
    allowFontScaling={true}
    dynamicTypeRamp="headline"
    maxFontSizeMultiplier={1.5}
    style={
      [
        {},
        {
          "color": "#0E0F13",
          "fontFamily": "Titillio",
          "fontSize": 16,
          "fontStyle": "normal",
          "fontWeight": "600",
          "lineHeight": 24,
        },
      ]
    }
  >
    l
  </Text>
  <Text
    allowFontScaling={true}
    dynamicTypeRamp="headline"
    maxFontSizeMultiplier={1.5}
    style={
      [
        {},
        {
          "color": "#0E0F13",
          "fontFamily": "Titillio",
          "fontSize": 16,
          "fontStyle": "normal",
          "fontWeight": "600",
          "lineHeight": 24,
        },
      ]
    }
  >
    e
  </Text>
  <Text
    allowFontScaling={true}
    dynamicTypeRamp="headline"
    maxFontSizeMultiplier={1.5}
    style={
      [
        {},
        {
          "color": "#0E0F13",
          "fontFamily": "Titillio",
          "fontSize": 16,
          "fontStyle": "normal",
          "fontWeight": "600",
          "lineHeight": 24,
        },
      ]
    }
  >
     
  </Text>
  <Text
    allowFontScaling={true}
    dynamicTypeRamp="headline"
    maxFontSizeMultiplier={1.5}
    style={
      [
        {},
        {
          "color": "#0E0F13",
          "fontFamily": "Titillio",
          "fontSize": 16,
          "fontStyle": "normal",
          "fontWeight": "600",
          "lineHeight": 24,
        },
      ]
    }
  >
    1
  </Text>
  <Text
    allowFontScaling={true}
    dynamicTypeRamp="headline"
    maxFontSizeMultiplier={1.5}
    style={
      [
        {},
        {
          "color": "#0E0F13",
          "fontFamily": "Titillio",
          "fontSize": 16,
          "fontStyle": "normal",
          "fontWeight": "600",
          "lineHeight": 24,
        },
      ]
    }
  />
</Text>
`;
