// Jest Snapshot v1, https://goo.gl/fbAQLP

exports[`Test LinkedText component should render a LinkedText component with props correctly 1`] = `
<Text>
  <Text
    style={
      Object {
        "color": "#475A6D",
        "fontSize": 16,
        "fontWeight": "400",
        "lineHeight": 24,
      }
    }
  />
  <Text
    style={
      Object {
        "color": "#475A6D",
        "fontSize": 16,
        "fontWeight": "400",
        "lineHeight": 24,
      }
    }
  >
    C
  </Text>
  <Text
    style={
      Object {
        "color": "#475A6D",
        "fontSize": 16,
        "fontWeight": "400",
        "lineHeight": 24,
      }
    }
  >
    l
  </Text>
  <Text
    style={
      Object {
        "color": "#475A6D",
        "fontSize": 16,
        "fontWeight": "400",
        "lineHeight": 24,
      }
    }
  >
    a
  </Text>
  <Text
    style={
      Object {
        "color": "#475A6D",
        "fontSize": 16,
        "fontWeight": "400",
        "lineHeight": 24,
      }
    }
  >
    u
  </Text>
  <Text
    style={
      Object {
        "color": "#475A6D",
        "fontSize": 16,
        "fontWeight": "400",
        "lineHeight": 24,
      }
    }
  >
    s
  </Text>
  <Text
    style={
      Object {
        "color": "#475A6D",
        "fontSize": 16,
        "fontWeight": "400",
        "lineHeight": 24,
      }
    }
  >
    e
  </Text>
  <Text
    style={
      Object {
        "color": "#475A6D",
        "fontSize": 16,
        "fontWeight": "400",
        "lineHeight": 24,
      }
    }
  >
     
  </Text>
  <Text
    style={
      Object {
        "color": "#475A6D",
        "fontSize": 16,
        "fontWeight": "400",
        "lineHeight": 24,
      }
    }
  >
    t
  </Text>
  <Text
    style={
      Object {
        "color": "#475A6D",
        "fontSize": 16,
        "fontWeight": "400",
        "lineHeight": 24,
      }
    }
  >
    i
  </Text>
  <Text
    style={
      Object {
        "color": "#475A6D",
        "fontSize": 16,
        "fontWeight": "400",
        "lineHeight": 24,
      }
    }
  >
    t
  </Text>
  <Text
    style={
      Object {
        "color": "#475A6D",
        "fontSize": 16,
        "fontWeight": "400",
        "lineHeight": 24,
      }
    }
  >
    l
  </Text>
  <Text
    style={
      Object {
        "color": "#475A6D",
        "fontSize": 16,
        "fontWeight": "400",
        "lineHeight": 24,
      }
    }
  >
    e
  </Text>
  <Text
    style={
      Object {
        "color": "#475A6D",
        "fontSize": 16,
        "fontWeight": "400",
        "lineHeight": 24,
      }
    }
  >
     
  </Text>
  <Text
    style={
      Object {
        "color": "#475A6D",
        "fontSize": 16,
        "fontWeight": "400",
        "lineHeight": 24,
      }
    }
  >
    1
  </Text>
  <Text
    style={
      Object {
        "color": "#475A6D",
        "fontSize": 16,
        "fontWeight": "400",
        "lineHeight": 24,
      }
    }
  />
</Text>
`;
