// Jest Snapshot v1, https://goo.gl/fbAQLP

exports[`Test SignatureFieldItem component should render a SignatureFieldItem component with props correctly 1`] = `
<View
  style={
    Object {
      "borderBottomColor": "#E6E9F2",
      "borderBottomWidth": 1,
      "marginBottom": 16,
      "paddingBottom": 8,
      "paddingTop": 16,
    }
  }
>
  <View
    accessible={true}
    collapsable={false}
    focusable={true}
    onBlur={[Function]}
    onClick={[Function]}
    onFocus={[Function]}
    onResponderGrant={[Function]}
    onResponderMove={[Function]}
    onResponderRelease={[Function]}
    onResponderTerminate={[Function]}
    onResponderTerminationRequest={[Function]}
    onStartShouldSetResponder={[Function]}
    onTouchEnd={[Function]}
    testID="ListItemCheckbox"
  >
    <View
      needsOffscreenAlphaCompositing={true}
      style={
        Array [
          Object {
            "marginHorizontal": -24,
            "paddingHorizontal": 24,
            "paddingVertical": 12,
          },
          Object {
            "backgroundColor": undefined,
          },
          Object {
            "opacity": 1,
          },
        ]
      }
    >
      <View
        style={
          Object {
            "transform": Array [
              Object {
                "scale": undefined,
              },
            ],
          }
        }
      >
        <View
          style={
            Object {
              "alignItems": "flex-start",
              "flexDirection": "row",
              "justifyContent": "space-between",
            }
          }
        >
          <View
            style={
              Array [
                Object {
                  "flexDirection": "row",
                },
                Object {
                  "flexShrink": 1,
                },
              ]
            }
          >
            <Text
              allowFontScaling={false}
              color="black"
              defaultColor="black"
              defaultWeight="SemiBold"
              font="TitilliumWeb"
              fontStyle={
                Object {
                  "fontSize": 18,
                  "lineHeight": 25,
                }
              }
              style={
                Array [
                  Object {
                    "flexShrink": 1,
                  },
                  Object {
                    "fontSize": 18,
                    "lineHeight": 25,
                  },
                  Object {
                    "color": "#0E0F13",
                    "fontFamily": "Titillium Web",
                    "fontStyle": "normal",
                    "fontWeight": "600",
                  },
                ]
              }
              weight="SemiBold"
            >
              Clause title 1
            </Text>
          </View>
          <View
            style={
              Object {
                "width": 8,
              }
            }
          />
          <View
            pointerEvents="none"
          >
            <View
              accessible={true}
              collapsable={false}
              focusable={true}
              onBlur={[Function]}
              onClick={[Function]}
              onFocus={[Function]}
              onResponderGrant={[Function]}
              onResponderMove={[Function]}
              onResponderRelease={[Function]}
              onResponderTerminate={[Function]}
              onResponderTerminationRequest={[Function]}
              onStartShouldSetResponder={[Function]}
              style={
                Object {
                  "height": 24,
                  "width": 24,
                }
              }
              testID="AnimatedCheckboxInput"
            >
              <View
                style={
                  Array [
                    Object {
                      "borderRadius": 5,
                      "borderWidth": 2,
                      "height": 24,
                      "left": 0,
                      "position": "absolute",
                      "top": 0,
                      "width": 24,
                    },
                    Object {
                      "borderColor": "#475A6D",
                    },
                  ]
                }
              />
              <View
                style={
                  Array [
                    Object {
                      "borderRadius": 5,
                      "height": 24,
                      "left": 0,
                      "position": "absolute",
                      "top": 0,
                      "width": 24,
                    },
                    Object {
                      "backgroundColor": "#0073E6",
                    },
                    Object {
                      "opacity": 0,
                      "transform": Array [
                        Object {
                          "scale": undefined,
                        },
                      ],
                    },
                  ]
                }
              />
            </View>
          </View>
        </View>
      </View>
    </View>
  </View>
  <View
    style={
      Array [
        Object {
          "flexDirection": "row",
        },
        Object {
          "paddingBottom": 8,
          "paddingTop": 16,
        },
      ]
    }
  >
    <Text
      accessibilityHint="Go to the page that displays the signature field"
      accessibilityLabel="See on document"
      accessibilityRole="link"
      allowFontScaling={false}
      color="blue"
      defaultColor="blue"
      defaultWeight="SemiBold"
      font="TitilliumWeb"
      fontStyle={
        Object {
          "fontSize": 16,
          "lineHeight": 24,
          "textDecorationLine": "underline",
        }
      }
      onPress={[MockFunction]}
      style={
        Array [
          Object {
            "fontSize": 16,
            "lineHeight": 24,
            "textDecorationLine": "underline",
          },
          Object {
            "color": "#0073E6",
            "fontFamily": "Titillium Web",
            "fontStyle": "normal",
            "fontWeight": "600",
          },
        ]
      }
      testID="SignatureFieldItemDetailTestID"
      weight="SemiBold"
    >
      See on document
    </Text>
  </View>
</View>
`;
