// Jest Snapshot v1, https://goo.gl/fbAQLP

exports[`the InformationRow component should match the snapshot 1`] = `
<View>
  <View
    accessibilityLabel="Label"
    accessibilityRole="button"
    accessible={true}
    collapsable={false}
    focusable={true}
    onClick={[Function]}
    onResponderGrant={[Function]}
    onResponderMove={[Function]}
    onResponderRelease={[Function]}
    onResponderTerminate={[Function]}
    onResponderTerminationRequest={[Function]}
    onStartShouldSetResponder={[Function]}
    style={
      Object {
        "flexDirection": "row",
        "marginVertical": 16,
        "opacity": 1,
      }
    }
  >
    <Text
      color="bluegrey"
      font="TitilliumWeb"
      fontStyle={
        Object {
          "fontSize": 16,
          "lineHeight": 22,
        }
      }
      numberOfLines={1}
      style={
        Array [
          Object {
            "fontSize": 16,
            "lineHeight": 22,
          },
          Object {
            "color": "#475A6D",
            "fontFamily": "Titillium Web",
            "fontStyle": "normal",
            "fontWeight": "400",
          },
        ]
      }
      weight="Regular"
      weightColorFactory={[Function]}
    >
      Organization's Fiscal Code
    </Text>
    <View
      style={
        Object {
          "width": 16,
        }
      }
    />
    <Text
      color="blue"
      ellipsizeMode="tail"
      font="TitilliumWeb"
      fontStyle={
        Object {
          "fontSize": 16,
          "lineHeight": 22,
        }
      }
      numberOfLines={1}
      style={
        Array [
          Object {
            "flexGrow": 1,
            "flexShrink": 1,
            "textAlign": "right",
          },
          Object {
            "fontSize": 16,
            "lineHeight": 22,
          },
          Object {
            "color": "#0073E6",
            "fontFamily": "Titillium Web",
            "fontStyle": "normal",
            "fontWeight": "600",
          },
        ]
      }
      weight="SemiBold"
      weightColorFactory={[Function]}
    >
      via Roma
    </Text>
  </View>
  <View
    style={
      Array [
        Object {
          "backgroundColor": "#CCD4DC",
        },
        false,
        Object {
          "height": 0.5,
        },
      ]
    }
  />
</View>
`;
