// Jest Snapshot v1, https://goo.gl/fbAQLP

exports[`Main pushNotifications reducer notificationsReducer initial state should match snapshot 1`] = `
{
  "environment": {
    "applicationInitialized": false,
    "engagementScreenShownThisSession": false,
    "onboardingInstructionsShown": false,
    "pushNotificationPermissionsRequestDuration": undefined,
    "systemNotificationsEnabled": false,
  },
  "installation": {
    "registeredToken": undefined,
    "token": undefined,
  },
  "pendingMessage": null,
  "userBehaviour": {
    "engagementScreenShown": false,
    "pushNotificationsBanner": {
      "forceDismissionDate": undefined,
      "timesDismissed": 0,
    },
  },
}
`;

exports[`Main pushNotifications reducer persistedNotificationsReducer initial state should match snapshot 1`] = `
{
  "environment": {
    "applicationInitialized": false,
    "engagementScreenShownThisSession": false,
    "onboardingInstructionsShown": false,
    "pushNotificationPermissionsRequestDuration": undefined,
    "systemNotificationsEnabled": false,
  },
  "installation": {
    "registeredToken": undefined,
    "token": undefined,
  },
  "pendingMessage": null,
  "userBehaviour": {
    "engagementScreenShown": false,
    "pushNotificationsBanner": {
      "forceDismissionDate": undefined,
      "timesDismissed": 0,
    },
  },
}
`;
