// Jest Snapshot v1, https://goo.gl/fbAQLP

exports[`CieCardReadContent when the Platform is "android" should match the snapshot when the input props are: {
  title: 'Title 2',
  pictogram: 'empty',
  secondaryAction: {
    label: 'Close',
    onPress: [Function: bound fn] { [length]: 1, [name]: 'bound fn' }
  }
} 1`] = `
<View
  style={
    {
      "flex": 1,
      "paddingHorizontal": 24,
    }
  }
>
  <View
    style={
      {
        "height": 32,
      }
    }
  />
  <View
    style={
      {
        "display": "flex",
        "flex": 1,
        "flexDirection": "column",
        "gap": 16,
      }
    }
  >
    <View
      accessibilityLabel="0%"
      accessibilityRole="progressbar"
      accessibilityValue={
        {
          "max": 100,
          "min": 0,
          "now": 0,
        }
      }
      accessible={true}
      focusable={true}
      importantForAccessibility="yes"
      onLayout={[Function]}
      style={
        {
          "backgroundColor": "#D2D6E3",
          "borderRadius": 4,
          "height": 4,
          "justifyContent": "center",
          "width": "100%",
        }
      }
    >
      <View
        style={
          [
            {
              "width": 0,
            },
            {
              "backgroundColor": "#00C5CA",
              "borderRadius": 4,
              "height": 4,
            },
          ]
        }
      />
    </View>
    <View
      style={
        {
          "display": "flex",
          "flexDirection": "row",
          "gap": 32,
        }
      }
    >
      <View
        style={
          {
            "flex": 1,
            "gap": 4,
            "paddingVertical": 8,
          }
        }
      >
        <View
          accessible={true}
        >
          <Text
            allowFontScaling={true}
            dynamicTypeRamp="title2"
            maxFontSizeMultiplier={1.5}
            style={
              [
                {},
                {
                  "color": "#0E0F13",
                  "fontFamily": "Titillio",
                  "fontSize": 22,
                  "fontStyle": "normal",
                  "fontWeight": "600",
                  "lineHeight": 33,
                },
                {
                  "textAlign": "center",
                },
              ]
            }
          >
            Title 2
          </Text>
        </View>
      </View>
      <RNSVGSvgViewAndroid
        align="xMidYMid"
        bbHeight={120}
        bbWidth={120}
        focusable={false}
        height={120}
        meetOrSlice={0}
        minX={0}
        minY={0}
        style={
          [
            {
              "backgroundColor": "transparent",
              "borderWidth": 0,
            },
            {
              "flex": 0,
              "height": 120,
              "width": 120,
            },
          ]
        }
        vbHeight={240}
        vbWidth={240}
        width={120}
      >
        <RNSVGGroup
          fill={
            {
              "payload": 4278190080,
              "type": 0,
            }
          }
        >
          <RNSVGPath
            d="M102.76 55c27.83 0 50.39 22.56 50.39 50.39 0 1.8-.1 3.58-.28 5.33l-3.63-2.63-3.97-1.84s-5.58.69-6.49 0c-.91-.69-3.36.07-3.68.25-.32.18-3.22 3.07-3.22 3.07l-1.28 3.54v3.94l1.28 2.9v1.89l-5.56-1.38s-.81-.19-2.71-.63c-1.89-.44-7.77-.02-7.96-.87-.19-.85-.1-.92-1.53-1.1-1.43-.17-4.95-.81-4.95-.81l-2.77-.35-2.72-.24s-3.41.83-3.63.98c-.2299.15-2.6699 6.32-2.6699 6.32v1.98l-.93 1.54-2.44 1.36-3.35 3.73.43 8.12 4.02 4.73-4.02 5.58.99 3.82c-22.7-4.9-39.71-25.08-39.71-49.25 0-27.83 22.56-50.39 50.3899-50.39V55Z"
            fill={
              {
                "payload": -5574929,
                "type": 0,
              }
            }
            propList={
              [
                "fill",
              ]
            }
          />
          <RNSVGPath
            d="M202.651 164.54c-.11-.13-10.98-13.21-23.59-26.68-20.84-22.26-30.19-28.43-34.36-29.69-5.3-1.6-9.25-.7-11.14 2.51-1.96 3.35-1.13 8.07.92 10.06.66.63.8 1.63.35 2.42-.45.79-1.38 1.18-2.26.94-.18-.05-18.54-4.97-29.01-5.63-1.05-.06-2.06.29-2.85.99-.8004.72-1.2704 1.72-1.3204 2.8-.09 2.07 1.3904 3.83 3.4304 4.11 9.84 1.33 22.46 3.45 26.75 6.03l-2.06 3.43c-2.84-1.71-12.03-3.71-25.22-5.49-4.1104-.55-7.0804-4.1-6.9004-8.25.1-2.17 1.04-4.16 2.65-5.6 1.59-1.43 3.6404-2.14 5.7704-2.01 7.67.48 18.97 3.05 25.23 4.59-1.02-3.37-.72-7.37 1.07-10.42 1.36-2.31 5.61-7.36 15.74-4.31 15.87 4.78 58.09 55.48 59.88 57.64l-3.08 2.55v.01Z"
            fill={
              {
                "payload": -16040221,
                "type": 0,
              }
            }
            propList={
              [
                "fill",
              ]
            }
          />
          <RNSVGPath
            d="M122.41 150.3c-2.3-1.73-10.9-2.99-22.9898-3.37-5.84-.18-10.47-5.09-10.32-10.94.11-4.47 3.04-8.44 7.28-9.87l2.11-.71 1.27 3.79-2.11.71c-2.66.89-4.49 3.37-4.55 6.17-.09 3.66 2.8 6.73 6.45 6.85 13.6498.43 22.1598 1.83 25.2698 4.17l-2.4 3.2h-.01Z"
            fill={
              {
                "payload": -16040221,
                "type": 0,
              }
            }
            propList={
              [
                "fill",
              ]
            }
          />
          <RNSVGPath
            d="M162.49 209.47c-16.99-25.12-39-41.13-65.4198-47.6l-.51-.12c-2.85-.7-5.15-2.77-6.15-5.53-1.04-2.86-.5-6.12 1.4-8.5l3.29-4.1 3.12 2.5-3.29 4.1c-1.04 1.3-1.33 3.07-.76 4.64.55 1.51 1.8 2.63 3.35 3.02l.5.12c27.4098 6.71 50.2198 23.28 67.7798 49.25l-3.31 2.24v-.02ZM142.327 127.059l-2.585 3.052 8.021 6.792 2.585-3.052-8.021-6.792Z"
            fill={
              {
                "payload": -16040221,
                "type": 0,
              }
            }
            propList={
              [
                "fill",
              ]
            }
          />
          <RNSVGPath
            d="M150.6 155.74c-6.01-10.42-2.18-27.59-2.01-28.32l3.9.89c-.04.16-3.65 16.38 1.58 25.42l-3.46 2-.01.01ZM130.063 127.83l-12.575 27.227 3.632 1.677 12.574-27.226-3.631-1.678Z"
            fill={
              {
                "payload": -16040221,
                "type": 0,
              }
            }
            propList={
              [
                "fill",
              ]
            }
          />
          <RNSVGPath
            d="M123.15 84.47c-.39 0-.79-.15-1.08-.46-.57-.6-.55-1.55.05-2.12l31.26-29.92c.6-.57 1.55-.55 2.12.05.57.6.55 1.55-.05 2.12l-31.26 29.92c-.29.28-.66.42-1.04.42v-.01ZM106.62 75.54c-.82 0-1.49-.66-1.5-1.48l-.45-41.54c0-.83.66-1.51 1.48-1.52h.02c.82 0 1.49.66 1.5 1.48l.45 41.54c0 .83-.66 1.51-1.48 1.52h-.02ZM87.8601 82.24c-.39 0-.78-.15-1.07-.45l-26.8-27.47c-.58-.59-.57-1.54.03-2.12.59-.58 1.54-.57 2.12.03l26.8 27.47c.58.59.57 1.54-.03 2.12-.29.28-.67.43-1.05.43v-.01ZM82.0598 100.99c-.06 0-.12 0-.18-.01l-45.55-5.36c-.82-.1-1.41-.84-1.31-1.67.1-.82.84-1.41 1.66-1.31l45.56 5.36c.82.1 1.41.84 1.31 1.67-.09.76-.74 1.32-1.49 1.32Z"
            fill={
              {
                "payload": -16726582,
                "type": 0,
              }
            }
            propList={
              [
                "fill",
              ]
            }
          />
        </RNSVGGroup>
      </RNSVGSvgViewAndroid>
    </View>
  </View>
  <View
    style={
      {
        "display": "flex",
        "flexDirection": "column",
        "gap": 24,
      }
    }
  >
    <View
      style={
        {
          "alignItems": "center",
        }
      }
    >
      <View>
        <View
          accessibilityLabel="Close"
          accessibilityRole="button"
          accessibilityState={
            {
              "busy": false,
              "checked": undefined,
              "disabled": false,
              "expanded": undefined,
              "selected": undefined,
            }
          }
          accessibilityValue={
            {
              "max": undefined,
              "min": undefined,
              "now": undefined,
              "text": undefined,
            }
          }
          accessible={true}
          collapsable={false}
          focusable={true}
          hitSlop={
            {
              "bottom": 14,
              "left": 24,
              "right": 24,
              "top": 14,
            }
          }
          onBlur={[Function]}
          onClick={[Function]}
          onFocus={[Function]}
          onResponderGrant={[Function]}
          onResponderMove={[Function]}
          onResponderRelease={[Function]}
          onResponderTerminate={[Function]}
          onResponderTerminationRequest={[Function]}
          onStartShouldSetResponder={[Function]}
          style={
            {
              "alignSelf": "flex-start",
            }
          }
        >
          <View
            style={
              [
                {
                  "alignItems": "center",
                  "borderCurve": "continuous",
                  "elevation": 0,
                  "flexDirection": "row",
                  "justifyContent": "center",
                  "overflow": "hidden",
                  "textAlignVertical": "center",
                },
                false,
                {},
                {
                  "paddingHorizontal": 0,
                },
                {
                  "backgroundColor": "transparent",
                  "borderColor": "#0B3EE3",
                  "borderRadius": 8,
                  "borderWidth": 0,
                  "height": undefined,
                },
                {},
              ]
            }
          >
            <View
              style={
                [
                  {
                    "alignItems": "center",
                    "flexDirection": "row",
                    "justifyContent": "center",
                  },
                  {
                    "columnGap": 8,
                  },
                  false,
                ]
              }
            >
              <Text
                accessibilityElementsHidden={true}
                accessible={false}
                allowFontScaling={true}
                ellipsizeMode="tail"
                importantForAccessibility="no-hide-descendants"
                maxFontSizeMultiplier={1.5}
                numberOfLines={1}
                style={
                  [
                    {},
                    {
                      "color": "#0E0F13",
                      "fontFamily": "Titillio",
                      "fontSize": 16,
                      "fontStyle": "normal",
                      "fontWeight": "600",
                      "lineHeight": 20,
                    },
                    [
                      {
                        "textAlign": "auto",
                      },
                      {
                        "color": "#0B3EE3",
                      },
                      {
                        "color": undefined,
                      },
                    ],
                  ]
                }
              >
                Close
              </Text>
            </View>
          </View>
        </View>
      </View>
    </View>
  </View>
</View>
`;

exports[`CieCardReadContent when the Platform is "android" should match the snapshot when the input props are: {
  title: 'Title 3',
  pictogram: 'message',
  hiddenProgressBar: true,
  primaryAction: {
    label: 'Open',
    onPress: [Function: bound fn] { [length]: 1, [name]: 'bound fn' }
  },
  secondaryAction: {
    label: 'Close',
    onPress: [Function: bound fn] { [length]: 1, [name]: 'bound fn' }
  }
} 1`] = `
<View
  style={
    {
      "flex": 1,
      "paddingHorizontal": 24,
    }
  }
>
  <View
    style={
      {
        "height": 32,
      }
    }
  />
  <View
    style={
      {
        "display": "flex",
        "flex": 1,
        "flexDirection": "column",
        "gap": 16,
      }
    }
  >
    <View
      style={
        {
          "display": "flex",
          "flexDirection": "row",
          "gap": 32,
        }
      }
    >
      <View
        style={
          {
            "flex": 1,
            "gap": 4,
            "paddingVertical": 8,
          }
        }
      >
        <View
          accessible={true}
        >
          <Text
            allowFontScaling={true}
            dynamicTypeRamp="title2"
            maxFontSizeMultiplier={1.5}
            style={
              [
                {},
                {
                  "color": "#0E0F13",
                  "fontFamily": "Titillio",
                  "fontSize": 22,
                  "fontStyle": "normal",
                  "fontWeight": "600",
                  "lineHeight": 33,
                },
                {
                  "textAlign": "center",
                },
              ]
            }
          >
            Title 3
          </Text>
        </View>
      </View>
      <RNSVGSvgViewAndroid
        align="xMidYMid"
        bbHeight={120}
        bbWidth={120}
        focusable={false}
        height={120}
        meetOrSlice={0}
        minX={0}
        minY={0}
        style={
          [
            {
              "backgroundColor": "transparent",
              "borderWidth": 0,
            },
            {
              "flex": 0,
              "height": 120,
              "width": 120,
            },
          ]
        }
        vbHeight={240}
        vbWidth={240}
        width={120}
      >
        <RNSVGGroup
          fill={
            {
              "payload": 4278190080,
              "type": 0,
            }
          }
        >
          <RNSVGPath
            d="M133.86 137.26L131.89 132.47L132.79 127.15L135.42 121.98L132.13 122.25C132.13 122.25 112.8 116.62 112.05 116.15C111.3 115.68 110.32 109.82 110.32 109.82L111.8 104.69L125.39 100.87L149.99 99.71L164.27 101.67V56.69C164.27 50.23 159.04 45 152.58 45H33.69C27.23 45 22 50.23 22 56.69V125.64C22 132.1 27.23 137.33 33.69 137.33H45.11L37.15 159.94C35.63 164.26 40.43 168.07 44.29 165.61L88.58 137.34H134L133.86 137.27V137.26Z"
            fill={
              {
                "payload": -5574929,
                "type": 0,
              }
            }
            propList={
              [
                "fill",
              ]
            }
          />
          <RNSVGPath
            d="M218.85 179.03L214.85 179C215 156.25 200.43 131.48 191.73 118.74C188.06 113.36 182.99 109.35 177.08 107.12C154.55 98.63 128.42 102.22 118.23 104.15C114.55 104.85 111.97 108.06 112.22 111.62C112.3 112.81 112.56 116.43 119.96 117.63C135.18 120.08 148.72 117.32 148.86 117.29L149.68 121.21C149.1 121.33 135.3 124.16 119.32 121.59C110.61 120.19 108.48 115.55 108.22 111.91C107.83 106.33 111.81 101.3 117.48 100.23C128 98.23 155.01 94.54 178.48 103.38C185.17 105.9 190.89 110.43 195.02 116.49C203.98 129.62 218.99 155.2 218.84 179.04L218.85 179.03Z"
            fill={
              {
                "payload": -16040221,
                "type": 0,
              }
            }
            propList={
              [
                "fill",
              ]
            }
          />
          <RNSVGPath
            d="M154.24 143.5C153.99 143.5 153.74 143.49 153.5 143.46C150.64 143.18 148.68 141.27 148.14 138.23C147.39 133.99 149.44 128.14 154.25 120.87C157.69 115.66 161.28 111.63 161.43 111.46L164.41 114.13C160.58 118.41 150.91 130.97 152.08 137.54C152.36 139.13 153.12 139.42 153.89 139.49C157.86 139.89 166.43 133.83 168.76 127.87L172.48 129.33C169.71 136.4 160.42 143.51 154.23 143.51L154.24 143.5Z"
            fill={
              {
                "payload": -16040221,
                "type": 0,
              }
            }
            propList={
              [
                "fill",
              ]
            }
          />
          <RNSVGPath
            d="M174.67 144.29C173.91 140.34 168.17 137.13 166.02 136.22L167.57 132.53C167.97 132.7 177.28 136.67 178.6 143.53L174.67 144.28V144.29Z"
            fill={
              {
                "payload": -16040221,
                "type": 0,
              }
            }
            propList={
              [
                "fill",
              ]
            }
          />
          <RNSVGPath
            d="M140.499 141.75C137.299 141.75 134.129 140.97 132.259 138.46C129.849 135.23 129.039 130.28 130.259 126.15C131.249 122.8 133.429 120.34 136.389 119.24C137.129 118.96 137.919 118.77 138.749 118.67L139.249 122.64C138.729 122.7 138.239 122.82 137.789 122.99C135.539 123.83 134.539 125.79 134.099 127.28C133.239 130.21 133.799 133.82 135.469 136.06C137.719 139.08 145.849 137.33 149.429 136L150.809 139.75C149.969 140.06 145.199 141.74 140.499 141.74V141.75Z"
            fill={
              {
                "payload": -16040221,
                "type": 0,
              }
            }
            propList={
              [
                "fill",
              ]
            }
          />
          <RNSVGPath
            d="M154.1 156.38C151.82 156.38 149.64 155.87 147.55 154.86C139.37 150.89 135.87 140.51 135.72 140.07L139.52 138.82C139.55 138.91 142.66 148.05 149.31 151.27C152.22 152.68 155.34 152.75 158.82 151.48C162.32 150.21 164.39 148.69 164.5 147.31C164.64 145.41 161.35 142.69 159.08 141.46L160.98 137.94C161.79 138.38 168.87 142.36 168.49 147.6C168.26 150.75 165.47 153.32 160.19 155.24C158.11 156 156.07 156.38 154.1 156.38Z"
            fill={
              {
                "payload": -16040221,
                "type": 0,
              }
            }
            propList={
              [
                "fill",
              ]
            }
          />
          <RNSVGPath
            d="M175.159 195.9C162.219 178.35 159.509 153.84 159.399 152.8L163.379 152.38C163.409 152.62 166.089 176.86 178.379 193.53L175.159 195.9Z"
            fill={
              {
                "payload": -16040221,
                "type": 0,
              }
            }
            propList={
              [
                "fill",
              ]
            }
          />
          <RNSVGPath
            d="M43.0401 70.34C46.7459 70.34 49.7501 67.3358 49.7501 63.63C49.7501 59.9242 46.7459 56.92 43.0401 56.92C39.3342 56.92 36.3301 59.9242 36.3301 63.63C36.3301 67.3358 39.3342 70.34 43.0401 70.34Z"
            fill={
              {
                "payload": -16726582,
                "type": 0,
              }
            }
            propList={
              [
                "fill",
              ]
            }
          />
          <RNSVGPath
            d="M69.1202 70.34C72.826 70.34 75.8302 67.3358 75.8302 63.63C75.8302 59.9242 72.826 56.92 69.1202 56.92C65.4143 56.92 62.4102 59.9242 62.4102 63.63C62.4102 67.3358 65.4143 70.34 69.1202 70.34Z"
            fill={
              {
                "payload": -16726582,
                "type": 0,
              }
            }
            propList={
              [
                "fill",
              ]
            }
          />
          <RNSVGPath
            d="M94.1202 70.34C97.826 70.34 100.83 67.3358 100.83 63.63C100.83 59.9242 97.826 56.92 94.1202 56.92C90.4143 56.92 87.4102 59.9242 87.4102 63.63C87.4102 67.3358 90.4143 70.34 94.1202 70.34Z"
            fill={
              {
                "payload": -16726582,
                "type": 0,
              }
            }
            propList={
              [
                "fill",
              ]
            }
          />
        </RNSVGGroup>
      </RNSVGSvgViewAndroid>
    </View>
  </View>
  <View
    style={
      {
        "display": "flex",
        "flexDirection": "column",
        "gap": 24,
      }
    }
  >
    <View
      style={
        {
          "alignItems": "center",
        }
      }
    >
      <View>
        <View
          accessibilityLabel="Open"
          accessibilityRole="button"
          accessibilityState={
            {
              "busy": false,
              "checked": undefined,
              "disabled": false,
              "expanded": undefined,
              "selected": undefined,
            }
          }
          accessibilityValue={
            {
              "max": undefined,
              "min": undefined,
              "now": undefined,
              "text": undefined,
            }
          }
          accessible={true}
          collapsable={false}
          focusable={true}
          onBlur={[Function]}
          onClick={[Function]}
          onFocus={[Function]}
          onResponderGrant={[Function]}
          onResponderMove={[Function]}
          onResponderRelease={[Function]}
          onResponderTerminate={[Function]}
          onResponderTerminationRequest={[Function]}
          onStartShouldSetResponder={[Function]}
          style={
            {
              "alignSelf": "auto",
              "flexShrink": 1,
            }
          }
        >
          <View
            style={
              [
                {
                  "alignItems": "center",
                  "borderCurve": "continuous",
                  "elevation": 0,
                  "flexDirection": "row",
                  "justifyContent": "center",
                  "overflow": "hidden",
                  "textAlignVertical": "center",
                },
                false,
                {
                  "backgroundColor": undefined,
                },
                {
                  "paddingHorizontal": 24,
                },
                {
                  "backgroundColor": "#0B3EE3",
                  "borderColor": "#FFFFFF",
                  "borderRadius": 8,
                  "borderWidth": 0,
                  "height": 48,
                },
                {},
              ]
            }
          >
            <View
              style={
                [
                  {
                    "alignItems": "center",
                    "flexDirection": "row",
                    "justifyContent": "center",
                  },
                  {
                    "columnGap": 8,
                  },
                  false,
                ]
              }
            >
              <Text
                accessibilityElementsHidden={true}
                accessible={false}
                allowFontScaling={true}
                ellipsizeMode="tail"
                importantForAccessibility="no-hide-descendants"
                maxFontSizeMultiplier={1.5}
                numberOfLines={1}
                style={
                  [
                    {},
                    {
                      "color": "#0E0F13",
                      "fontFamily": "Titillio",
                      "fontSize": 16,
                      "fontStyle": "normal",
                      "fontWeight": "600",
                      "lineHeight": undefined,
                    },
                    [
                      {
                        "textAlign": "auto",
                      },
                      {
                        "color": "#FFFFFF",
                      },
                      {
                        "color": undefined,
                      },
                    ],
                  ]
                }
              >
                Open
              </Text>
            </View>
          </View>
        </View>
      </View>
    </View>
    <View
      style={
        {
          "alignItems": "center",
        }
      }
    >
      <View>
        <View
          accessibilityLabel="Close"
          accessibilityRole="button"
          accessibilityState={
            {
              "busy": false,
              "checked": undefined,
              "disabled": false,
              "expanded": undefined,
              "selected": undefined,
            }
          }
          accessibilityValue={
            {
              "max": undefined,
              "min": undefined,
              "now": undefined,
              "text": undefined,
            }
          }
          accessible={true}
          collapsable={false}
          focusable={true}
          hitSlop={
            {
              "bottom": 14,
              "left": 24,
              "right": 24,
              "top": 14,
            }
          }
          onBlur={[Function]}
          onClick={[Function]}
          onFocus={[Function]}
          onResponderGrant={[Function]}
          onResponderMove={[Function]}
          onResponderRelease={[Function]}
          onResponderTerminate={[Function]}
          onResponderTerminationRequest={[Function]}
          onStartShouldSetResponder={[Function]}
          style={
            {
              "alignSelf": "flex-start",
            }
          }
        >
          <View
            style={
              [
                {
                  "alignItems": "center",
                  "borderCurve": "continuous",
                  "elevation": 0,
                  "flexDirection": "row",
                  "justifyContent": "center",
                  "overflow": "hidden",
                  "textAlignVertical": "center",
                },
                false,
                {},
                {
                  "paddingHorizontal": 0,
                },
                {
                  "backgroundColor": "transparent",
                  "borderColor": "#0B3EE3",
                  "borderRadius": 8,
                  "borderWidth": 0,
                  "height": undefined,
                },
                {},
              ]
            }
          >
            <View
              style={
                [
                  {
                    "alignItems": "center",
                    "flexDirection": "row",
                    "justifyContent": "center",
                  },
                  {
                    "columnGap": 8,
                  },
                  false,
                ]
              }
            >
              <Text
                accessibilityElementsHidden={true}
                accessible={false}
                allowFontScaling={true}
                ellipsizeMode="tail"
                importantForAccessibility="no-hide-descendants"
                maxFontSizeMultiplier={1.5}
                numberOfLines={1}
                style={
                  [
                    {},
                    {
                      "color": "#0E0F13",
                      "fontFamily": "Titillio",
                      "fontSize": 16,
                      "fontStyle": "normal",
                      "fontWeight": "600",
                      "lineHeight": 20,
                    },
                    [
                      {
                        "textAlign": "auto",
                      },
                      {
                        "color": "#0B3EE3",
                      },
                      {
                        "color": undefined,
                      },
                    ],
                  ]
                }
              >
                Close
              </Text>
            </View>
          </View>
        </View>
      </View>
    </View>
  </View>
</View>
`;

exports[`CieCardReadContent when the Platform is "android" should match the snapshot when the input props are: {
  title: 'Title',
  subtitle: 'Subtitle',
  pictogram: 'success',
  progress: 1
} 1`] = `
<View
  style={
    {
      "flex": 1,
      "paddingHorizontal": 24,
    }
  }
>
  <View
    style={
      {
        "height": 32,
      }
    }
  />
  <View
    style={
      {
        "display": "flex",
        "flex": 1,
        "flexDirection": "column",
        "gap": 16,
      }
    }
  >
    <View
      accessibilityLabel="1000%"
      accessibilityRole="progressbar"
      accessibilityValue={
        {
          "max": 100,
          "min": 0,
          "now": 1,
        }
      }
      accessible={true}
      focusable={true}
      importantForAccessibility="yes"
      onLayout={[Function]}
      style={
        {
          "backgroundColor": "#D2D6E3",
          "borderRadius": 4,
          "height": 4,
          "justifyContent": "center",
          "width": "100%",
        }
      }
    >
      <View
        style={
          [
            {
              "width": 0,
            },
            {
              "backgroundColor": "#00C5CA",
              "borderRadius": 4,
              "height": 4,
            },
          ]
        }
      />
    </View>
    <View
      style={
        {
          "display": "flex",
          "flexDirection": "row",
          "gap": 32,
        }
      }
    >
      <View
        style={
          {
            "flex": 1,
            "gap": 4,
            "paddingVertical": 8,
          }
        }
      >
        <View
          accessible={true}
        >
          <Text
            allowFontScaling={true}
            dynamicTypeRamp="title2"
            maxFontSizeMultiplier={1.5}
            style={
              [
                {},
                {
                  "color": "#0E0F13",
                  "fontFamily": "Titillio",
                  "fontSize": 22,
                  "fontStyle": "normal",
                  "fontWeight": "600",
                  "lineHeight": 33,
                },
                {
                  "textAlign": "center",
                },
              ]
            }
          >
            Title
          </Text>
        </View>
        <Text
          allowFontScaling={true}
          dynamicTypeRamp="body"
          maxFontSizeMultiplier={1.5}
          style={
            [
              {},
              {
                "color": "#636B82",
                "fontFamily": "Titillio",
                "fontSize": 16,
                "fontStyle": "normal",
                "fontWeight": "400",
                "lineHeight": 24,
              },
              {
                "textAlign": "center",
              },
            ]
          }
        >
          Subtitle
        </Text>
      </View>
      <RNSVGSvgViewAndroid
        align="xMidYMid"
        bbHeight={120}
        bbWidth={120}
        focusable={false}
        height={120}
        meetOrSlice={0}
        minX={0}
        minY={0}
        style={
          [
            {
              "backgroundColor": "transparent",
              "borderWidth": 0,
            },
            {
              "flex": 0,
              "height": 120,
              "width": 120,
            },
          ]
        }
        vbHeight={240}
        vbWidth={240}
        width={120}
      >
        <RNSVGGroup
          fill={
            {
              "payload": 4278190080,
              "type": 0,
            }
          }
        >
          <RNSVGPath
            d="m113.74 163 1.1-8.41 5.3-3.55 5.06-.4 1.57-4.88.83-5.55 5.66-3.03 7.35-.79 5.07 1.07 4.32 5.48 2.47-19.83 3.92-8.98 5.78-5.32 4.53-.75c.29-2.62.44-5.29.44-7.99C167.13 59.71 134.42 27 94.07 27 53.72 27 21 59.71 21 100.07c0 40.36 32.71 73.07 73.07 73.07 7.71 0 15.14-1.2 22.12-3.42l-2.45-6.72Z"
            fill={
              {
                "payload": -5574929,
                "type": 0,
              }
            }
            propList={
              [
                "fill",
              ]
            }
          />
          <RNSVGPath
            d="M142.56 202.43c-1.34 0-2.8-.15-4.38-.44-11.03-2.03-18.79-11.47-21.33-19.38-1.55-4.83-1.17-8.91 1.04-11.2l2.88 2.78c-1.1 1.15-1.15 3.97-.11 7.2 2.19 6.81 8.83 14.93 18.24 16.67 4.38.81 7.34.32 8.79-1.45 2.45-2.98.69-9.42-.19-11.65l3.72-1.48c.42 1.04 3.94 10.34-.43 15.67-1.79 2.19-4.56 3.29-8.24 3.29l.01-.01Z"
            fill={
              {
                "payload": -16040221,
                "type": 0,
              }
            }
            propList={
              [
                "fill",
              ]
            }
          />
          <RNSVGPath
            d="M146.3 185.03c-3.04 0-6.72-.53-11.06-1.59-17.32-4.23-21.57-16.39-22.56-23.26-.54-3.75.43-7.46 2.67-10.18 2.92-3.55 6.82-4.24 10.97-1.93l-1.94 3.5c-2.44-1.36-4.27-1.06-5.94.97-1.52 1.85-2.18 4.43-1.8 7.07.85 5.87 4.51 16.27 19.55 19.94 10.44 2.55 15.19 1.37 16.16-.59.72-1.45-.4-3.66-1.49-4.54l2.51-3.11c2.54 2.05 4.19 6.14 2.56 9.42-1.41 2.85-4.64 4.28-9.63 4.28v.02Z"
            fill={
              {
                "payload": -16040221,
                "type": 0,
              }
            }
            propList={
              [
                "fill",
              ]
            }
          />
          <RNSVGPath
            d="M152.04 174.91c-4.89 0-11.5-3.06-20.94-9.63-5.64-3.93-8.3-10.28-7.68-18.38.57-7.5 6.31-13.6 13.35-14.17 2.09-.17 6.42-.52 9.73 2.42 2.47 2.19 3.81 5.75 3.99 10.57l-4 .15c-.14-3.69-1.03-6.29-2.65-7.73-1.88-1.67-4.47-1.61-6.75-1.42-5.1.41-9.26 4.92-9.68 10.48-.51 6.7 1.5 11.68 5.98 14.8 9.75 6.79 16.31 9.65 20.07 8.76 1.4-.33 2.45-1.21 3.29-2.76.81-1.49-.55-3.8-1.42-5.05-4.33-6.17-14.65-12.19-18.35-11.63l-.6-3.95c6.01-.92 17.61 6.71 22.22 13.28 3.12 4.44 2.63 7.49 1.67 9.26-1.38 2.55-3.36 4.15-5.88 4.75-.73.17-1.51.26-2.34.26l-.01-.01Z"
            fill={
              {
                "payload": -16040221,
                "type": 0,
              }
            }
            propList={
              [
                "fill",
              ]
            }
          />
          <RNSVGPath
            d="M199.72 163.99c-7.16 0-14.29-1.78-21.16-5.33-6.79-3.51-11.4-10.13-12.34-17.7-.51-4.15.37-9.46 1.22-14.59 1.01-6.09 2.16-12.98.19-15.3-.33-.39-.94-.9-2.49-.9-2.91 0-5.32 1.04-7.39 3.19-7.96 8.27-7.27 29.08-7.26 29.29l-4 .15c-.03-.92-.75-22.73 8.37-32.21 2.82-2.93 6.27-4.41 10.27-4.41 2.38 0 4.24.78 5.54 2.31 3.16 3.73 1.97 10.92.7 18.54-.8 4.85-1.64 9.86-1.2 13.44.79 6.36 4.51 11.69 10.21 14.64 11.84 6.13 24.52 6.48 36.67 1.03l1.64 3.65c-6.25 2.8-12.63 4.2-18.98 4.2h.01ZM194.04 212.26c-6.74 0-14.48-.86-23.27-3.07-13.54-3.42-23.05-8.39-23.44-8.6l1.87-3.54c.37.2 37.68 19.53 67.92 6.96l1.54 3.69c-5.69 2.36-13.86 4.55-24.61 4.55l-.01.01Z"
            fill={
              {
                "payload": -16040221,
                "type": 0,
              }
            }
            propList={
              [
                "fill",
              ]
            }
          />
          <RNSVGPath
            d="M88.22 123.5c-.4 0-.79-.16-1.07-.45L61.92 97.31c-.58-.59-.57-1.54.02-2.12.59-.58 1.54-.57 2.12.02l24.13 24.62 42.36-45.48c.56-.61 1.52-.64 2.12-.08.61.56.64 1.51.08 2.12l-43.43 46.63c-.28.3-.67.47-1.08.48h-.02Z"
            fill={
              {
                "payload": -16726582,
                "type": 0,
              }
            }
            propList={
              [
                "fill",
              ]
            }
          />
        </RNSVGGroup>
      </RNSVGSvgViewAndroid>
    </View>
  </View>
  <View
    style={
      {
        "display": "flex",
        "flexDirection": "column",
        "gap": 24,
      }
    }
  />
</View>
`;

exports[`CieCardReadContent when the Platform is "ios" should match the snapshot when the input props are: {
  title: 'Title 2',
  pictogram: 'empty',
  secondaryAction: {
    label: 'Close',
    onPress: [Function: bound fn] { [length]: 1, [name]: 'bound fn' }
  }
} 1`] = `
<View
  style={
    {
      "flex": 1,
      "paddingHorizontal": 24,
    }
  }
>
  <View
    style={
      {
        "height": 32,
      }
    }
  />
  <View
    style={
      {
        "display": "flex",
        "flex": 1,
        "flexDirection": "column",
        "gap": 16,
      }
    }
  >
    <View
      accessibilityLabel="0%"
      accessibilityRole="progressbar"
      accessibilityValue={
        {
          "max": 100,
          "min": 0,
          "now": 0,
        }
      }
      accessible={true}
      focusable={true}
      importantForAccessibility="yes"
      onLayout={[Function]}
      style={
        {
          "backgroundColor": "#D2D6E3",
          "borderRadius": 4,
          "height": 4,
          "justifyContent": "center",
          "width": "100%",
        }
      }
    >
      <View
        style={
          [
            {
              "width": 0,
            },
            {
              "backgroundColor": "#00C5CA",
              "borderRadius": 4,
              "height": 4,
            },
          ]
        }
      />
    </View>
    <View
      style={
        {
          "display": "flex",
          "flexDirection": "row",
          "gap": 32,
        }
      }
    >
      <View
        style={
          {
            "flex": 1,
            "gap": 4,
            "paddingVertical": 8,
          }
        }
      >
        <View
          accessible={true}
        >
          <Text
            allowFontScaling={true}
            dynamicTypeRamp="title3"
            maxFontSizeMultiplier={1.5}
            style={
              [
                {},
                {
                  "color": "#0E0F13",
                  "fontFamily": "Titillio",
                  "fontSize": 20,
                  "fontStyle": "normal",
                  "fontWeight": "600",
                  "lineHeight": 24,
                },
              ]
            }
          >
            Title 2
          </Text>
        </View>
      </View>
      <RNSVGSvgView
        align="xMidYMid"
        bbHeight={120}
        bbWidth={120}
        focusable={false}
        height={120}
        meetOrSlice={0}
        minX={0}
        minY={0}
        style={
          [
            {
              "backgroundColor": "transparent",
              "borderWidth": 0,
            },
            {
              "flex": 0,
              "height": 120,
              "width": 120,
            },
          ]
        }
        vbHeight={240}
        vbWidth={240}
        width={120}
      >
        <RNSVGGroup
          fill={
            {
              "payload": 4278190080,
              "type": 0,
            }
          }
        >
          <RNSVGPath
            d="M102.76 55c27.83 0 50.39 22.56 50.39 50.39 0 1.8-.1 3.58-.28 5.33l-3.63-2.63-3.97-1.84s-5.58.69-6.49 0c-.91-.69-3.36.07-3.68.25-.32.18-3.22 3.07-3.22 3.07l-1.28 3.54v3.94l1.28 2.9v1.89l-5.56-1.38s-.81-.19-2.71-.63c-1.89-.44-7.77-.02-7.96-.87-.19-.85-.1-.92-1.53-1.1-1.43-.17-4.95-.81-4.95-.81l-2.77-.35-2.72-.24s-3.41.83-3.63.98c-.2299.15-2.6699 6.32-2.6699 6.32v1.98l-.93 1.54-2.44 1.36-3.35 3.73.43 8.12 4.02 4.73-4.02 5.58.99 3.82c-22.7-4.9-39.71-25.08-39.71-49.25 0-27.83 22.56-50.39 50.3899-50.39V55Z"
            fill={
              {
                "payload": 4289392367,
                "type": 0,
              }
            }
            propList={
              [
                "fill",
              ]
            }
          />
          <RNSVGPath
            d="M202.651 164.54c-.11-.13-10.98-13.21-23.59-26.68-20.84-22.26-30.19-28.43-34.36-29.69-5.3-1.6-9.25-.7-11.14 2.51-1.96 3.35-1.13 8.07.92 10.06.66.63.8 1.63.35 2.42-.45.79-1.38 1.18-2.26.94-.18-.05-18.54-4.97-29.01-5.63-1.05-.06-2.06.29-2.85.99-.8004.72-1.2704 1.72-1.3204 2.8-.09 2.07 1.3904 3.83 3.4304 4.11 9.84 1.33 22.46 3.45 26.75 6.03l-2.06 3.43c-2.84-1.71-12.03-3.71-25.22-5.49-4.1104-.55-7.0804-4.1-6.9004-8.25.1-2.17 1.04-4.16 2.65-5.6 1.59-1.43 3.6404-2.14 5.7704-2.01 7.67.48 18.97 3.05 25.23 4.59-1.02-3.37-.72-7.37 1.07-10.42 1.36-2.31 5.61-7.36 15.74-4.31 15.87 4.78 58.09 55.48 59.88 57.64l-3.08 2.55v.01Z"
            fill={
              {
                "payload": 4278927075,
                "type": 0,
              }
            }
            propList={
              [
                "fill",
              ]
            }
          />
          <RNSVGPath
            d="M122.41 150.3c-2.3-1.73-10.9-2.99-22.9898-3.37-5.84-.18-10.47-5.09-10.32-10.94.11-4.47 3.04-8.44 7.28-9.87l2.11-.71 1.27 3.79-2.11.71c-2.66.89-4.49 3.37-4.55 6.17-.09 3.66 2.8 6.73 6.45 6.85 13.6498.43 22.1598 1.83 25.2698 4.17l-2.4 3.2h-.01Z"
            fill={
              {
                "payload": 4278927075,
                "type": 0,
              }
            }
            propList={
              [
                "fill",
              ]
            }
          />
          <RNSVGPath
            d="M162.49 209.47c-16.99-25.12-39-41.13-65.4198-47.6l-.51-.12c-2.85-.7-5.15-2.77-6.15-5.53-1.04-2.86-.5-6.12 1.4-8.5l3.29-4.1 3.12 2.5-3.29 4.1c-1.04 1.3-1.33 3.07-.76 4.64.55 1.51 1.8 2.63 3.35 3.02l.5.12c27.4098 6.71 50.2198 23.28 67.7798 49.25l-3.31 2.24v-.02ZM142.327 127.059l-2.585 3.052 8.021 6.792 2.585-3.052-8.021-6.792Z"
            fill={
              {
                "payload": 4278927075,
                "type": 0,
              }
            }
            propList={
              [
                "fill",
              ]
            }
          />
          <RNSVGPath
            d="M150.6 155.74c-6.01-10.42-2.18-27.59-2.01-28.32l3.9.89c-.04.16-3.65 16.38 1.58 25.42l-3.46 2-.01.01ZM130.063 127.83l-12.575 27.227 3.632 1.677 12.574-27.226-3.631-1.678Z"
            fill={
              {
                "payload": 4278927075,
                "type": 0,
              }
            }
            propList={
              [
                "fill",
              ]
            }
          />
          <RNSVGPath
            d="M123.15 84.47c-.39 0-.79-.15-1.08-.46-.57-.6-.55-1.55.05-2.12l31.26-29.92c.6-.57 1.55-.55 2.12.05.57.6.55 1.55-.05 2.12l-31.26 29.92c-.29.28-.66.42-1.04.42v-.01ZM106.62 75.54c-.82 0-1.49-.66-1.5-1.48l-.45-41.54c0-.83.66-1.51 1.48-1.52h.02c.82 0 1.49.66 1.5 1.48l.45 41.54c0 .83-.66 1.51-1.48 1.52h-.02ZM87.8601 82.24c-.39 0-.78-.15-1.07-.45l-26.8-27.47c-.58-.59-.57-1.54.03-2.12.59-.58 1.54-.57 2.12.03l26.8 27.47c.58.59.57 1.54-.03 2.12-.29.28-.67.43-1.05.43v-.01ZM82.0598 100.99c-.06 0-.12 0-.18-.01l-45.55-5.36c-.82-.1-1.41-.84-1.31-1.67.1-.82.84-1.41 1.66-1.31l45.56 5.36c.82.1 1.41.84 1.31 1.67-.09.76-.74 1.32-1.49 1.32Z"
            fill={
              {
                "payload": 4278240714,
                "type": 0,
              }
            }
            propList={
              [
                "fill",
              ]
            }
          />
        </RNSVGGroup>
      </RNSVGSvgView>
    </View>
  </View>
  <View
    style={
      {
        "display": "flex",
        "flexDirection": "column",
        "gap": 16,
      }
    }
  >
    <View
      style={
        {
          "alignSelf": "center",
        }
      }
    >
      <View
        accessibilityLabel="Close"
        accessibilityRole="button"
        accessibilityState={
          {
            "busy": false,
            "checked": undefined,
            "disabled": false,
            "expanded": undefined,
            "selected": undefined,
          }
        }
        accessibilityValue={
          {
            "max": undefined,
            "min": undefined,
            "now": undefined,
            "text": undefined,
          }
        }
        accessible={true}
        collapsable={false}
        focusable={true}
        hitSlop={
          {
            "bottom": 14,
            "left": 24,
            "right": 24,
            "top": 14,
          }
        }
        onBlur={[Function]}
        onClick={[Function]}
        onFocus={[Function]}
        onResponderGrant={[Function]}
        onResponderMove={[Function]}
        onResponderRelease={[Function]}
        onResponderTerminate={[Function]}
        onResponderTerminationRequest={[Function]}
        onStartShouldSetResponder={[Function]}
        style={
          {
            "alignSelf": "flex-start",
          }
        }
      >
        <View
          style={
            [
              {
                "alignItems": "center",
                "borderCurve": "continuous",
                "elevation": 0,
                "flexDirection": "row",
                "justifyContent": "center",
                "overflow": "hidden",
                "textAlignVertical": "center",
              },
              false,
              {},
              {
                "paddingHorizontal": 0,
              },
              {
                "backgroundColor": "transparent",
                "borderColor": "#0B3EE3",
                "borderRadius": 8,
                "borderWidth": 0,
                "height": undefined,
              },
              {},
            ]
          }
        >
          <View
            style={
              [
                {
                  "alignItems": "center",
                  "flexDirection": "row",
                  "justifyContent": "center",
                },
                {
                  "columnGap": 8,
                },
                false,
              ]
            }
          >
            <Text
              accessibilityElementsHidden={true}
              accessible={false}
              allowFontScaling={true}
              ellipsizeMode="tail"
              importantForAccessibility="no-hide-descendants"
              maxFontSizeMultiplier={1.5}
              numberOfLines={1}
              style={
                [
                  {},
                  {
                    "color": "#0E0F13",
                    "fontFamily": "Titillio",
                    "fontSize": 16,
                    "fontStyle": "normal",
                    "fontWeight": "600",
                    "lineHeight": 20,
                  },
                  [
                    {
                      "textAlign": "auto",
                    },
                    {
                      "color": "#0B3EE3",
                    },
                    {
                      "color": undefined,
                    },
                  ],
                ]
              }
            >
              Close
            </Text>
          </View>
        </View>
      </View>
    </View>
  </View>
</View>
`;

exports[`CieCardReadContent when the Platform is "ios" should match the snapshot when the input props are: {
  title: 'Title 3',
  pictogram: 'message',
  hiddenProgressBar: true,
  primaryAction: {
    label: 'Open',
    onPress: [Function: bound fn] { [length]: 1, [name]: 'bound fn' }
  },
  secondaryAction: {
    label: 'Close',
    onPress: [Function: bound fn] { [length]: 1, [name]: 'bound fn' }
  }
} 1`] = `
<View
  style={
    {
      "flex": 1,
      "paddingHorizontal": 24,
    }
  }
>
  <View
    style={
      {
        "height": 32,
      }
    }
  />
  <View
    style={
      {
        "display": "flex",
        "flex": 1,
        "flexDirection": "column",
        "gap": 16,
      }
    }
  >
    <View
      style={
        {
          "display": "flex",
          "flexDirection": "row",
          "gap": 32,
        }
      }
    >
      <View
        style={
          {
            "flex": 1,
            "gap": 4,
            "paddingVertical": 8,
          }
        }
      >
        <View
          accessible={true}
        >
          <Text
            allowFontScaling={true}
            dynamicTypeRamp="title3"
            maxFontSizeMultiplier={1.5}
            style={
              [
                {},
                {
                  "color": "#0E0F13",
                  "fontFamily": "Titillio",
                  "fontSize": 20,
                  "fontStyle": "normal",
                  "fontWeight": "600",
                  "lineHeight": 24,
                },
              ]
            }
          >
            Title 3
          </Text>
        </View>
      </View>
      <RNSVGSvgView
        align="xMidYMid"
        bbHeight={120}
        bbWidth={120}
        focusable={false}
        height={120}
        meetOrSlice={0}
        minX={0}
        minY={0}
        style={
          [
            {
              "backgroundColor": "transparent",
              "borderWidth": 0,
            },
            {
              "flex": 0,
              "height": 120,
              "width": 120,
            },
          ]
        }
        vbHeight={240}
        vbWidth={240}
        width={120}
      >
        <RNSVGGroup
          fill={
            {
              "payload": 4278190080,
              "type": 0,
            }
          }
        >
          <RNSVGPath
            d="M133.86 137.26L131.89 132.47L132.79 127.15L135.42 121.98L132.13 122.25C132.13 122.25 112.8 116.62 112.05 116.15C111.3 115.68 110.32 109.82 110.32 109.82L111.8 104.69L125.39 100.87L149.99 99.71L164.27 101.67V56.69C164.27 50.23 159.04 45 152.58 45H33.69C27.23 45 22 50.23 22 56.69V125.64C22 132.1 27.23 137.33 33.69 137.33H45.11L37.15 159.94C35.63 164.26 40.43 168.07 44.29 165.61L88.58 137.34H134L133.86 137.27V137.26Z"
            fill={
              {
                "payload": 4289392367,
                "type": 0,
              }
            }
            propList={
              [
                "fill",
              ]
            }
          />
          <RNSVGPath
            d="M218.85 179.03L214.85 179C215 156.25 200.43 131.48 191.73 118.74C188.06 113.36 182.99 109.35 177.08 107.12C154.55 98.63 128.42 102.22 118.23 104.15C114.55 104.85 111.97 108.06 112.22 111.62C112.3 112.81 112.56 116.43 119.96 117.63C135.18 120.08 148.72 117.32 148.86 117.29L149.68 121.21C149.1 121.33 135.3 124.16 119.32 121.59C110.61 120.19 108.48 115.55 108.22 111.91C107.83 106.33 111.81 101.3 117.48 100.23C128 98.23 155.01 94.54 178.48 103.38C185.17 105.9 190.89 110.43 195.02 116.49C203.98 129.62 218.99 155.2 218.84 179.04L218.85 179.03Z"
            fill={
              {
                "payload": 4278927075,
                "type": 0,
              }
            }
            propList={
              [
                "fill",
              ]
            }
          />
          <RNSVGPath
            d="M154.24 143.5C153.99 143.5 153.74 143.49 153.5 143.46C150.64 143.18 148.68 141.27 148.14 138.23C147.39 133.99 149.44 128.14 154.25 120.87C157.69 115.66 161.28 111.63 161.43 111.46L164.41 114.13C160.58 118.41 150.91 130.97 152.08 137.54C152.36 139.13 153.12 139.42 153.89 139.49C157.86 139.89 166.43 133.83 168.76 127.87L172.48 129.33C169.71 136.4 160.42 143.51 154.23 143.51L154.24 143.5Z"
            fill={
              {
                "payload": 4278927075,
                "type": 0,
              }
            }
            propList={
              [
                "fill",
              ]
            }
          />
          <RNSVGPath
            d="M174.67 144.29C173.91 140.34 168.17 137.13 166.02 136.22L167.57 132.53C167.97 132.7 177.28 136.67 178.6 143.53L174.67 144.28V144.29Z"
            fill={
              {
                "payload": 4278927075,
                "type": 0,
              }
            }
            propList={
              [
                "fill",
              ]
            }
          />
          <RNSVGPath
            d="M140.499 141.75C137.299 141.75 134.129 140.97 132.259 138.46C129.849 135.23 129.039 130.28 130.259 126.15C131.249 122.8 133.429 120.34 136.389 119.24C137.129 118.96 137.919 118.77 138.749 118.67L139.249 122.64C138.729 122.7 138.239 122.82 137.789 122.99C135.539 123.83 134.539 125.79 134.099 127.28C133.239 130.21 133.799 133.82 135.469 136.06C137.719 139.08 145.849 137.33 149.429 136L150.809 139.75C149.969 140.06 145.199 141.74 140.499 141.74V141.75Z"
            fill={
              {
                "payload": 4278927075,
                "type": 0,
              }
            }
            propList={
              [
                "fill",
              ]
            }
          />
          <RNSVGPath
            d="M154.1 156.38C151.82 156.38 149.64 155.87 147.55 154.86C139.37 150.89 135.87 140.51 135.72 140.07L139.52 138.82C139.55 138.91 142.66 148.05 149.31 151.27C152.22 152.68 155.34 152.75 158.82 151.48C162.32 150.21 164.39 148.69 164.5 147.31C164.64 145.41 161.35 142.69 159.08 141.46L160.98 137.94C161.79 138.38 168.87 142.36 168.49 147.6C168.26 150.75 165.47 153.32 160.19 155.24C158.11 156 156.07 156.38 154.1 156.38Z"
            fill={
              {
                "payload": 4278927075,
                "type": 0,
              }
            }
            propList={
              [
                "fill",
              ]
            }
          />
          <RNSVGPath
            d="M175.159 195.9C162.219 178.35 159.509 153.84 159.399 152.8L163.379 152.38C163.409 152.62 166.089 176.86 178.379 193.53L175.159 195.9Z"
            fill={
              {
                "payload": 4278927075,
                "type": 0,
              }
            }
            propList={
              [
                "fill",
              ]
            }
          />
          <RNSVGPath
            d="M43.0401 70.34C46.7459 70.34 49.7501 67.3358 49.7501 63.63C49.7501 59.9242 46.7459 56.92 43.0401 56.92C39.3342 56.92 36.3301 59.9242 36.3301 63.63C36.3301 67.3358 39.3342 70.34 43.0401 70.34Z"
            fill={
              {
                "payload": 4278240714,
                "type": 0,
              }
            }
            propList={
              [
                "fill",
              ]
            }
          />
          <RNSVGPath
            d="M69.1202 70.34C72.826 70.34 75.8302 67.3358 75.8302 63.63C75.8302 59.9242 72.826 56.92 69.1202 56.92C65.4143 56.92 62.4102 59.9242 62.4102 63.63C62.4102 67.3358 65.4143 70.34 69.1202 70.34Z"
            fill={
              {
                "payload": 4278240714,
                "type": 0,
              }
            }
            propList={
              [
                "fill",
              ]
            }
          />
          <RNSVGPath
            d="M94.1202 70.34C97.826 70.34 100.83 67.3358 100.83 63.63C100.83 59.9242 97.826 56.92 94.1202 56.92C90.4143 56.92 87.4102 59.9242 87.4102 63.63C87.4102 67.3358 90.4143 70.34 94.1202 70.34Z"
            fill={
              {
                "payload": 4278240714,
                "type": 0,
              }
            }
            propList={
              [
                "fill",
              ]
            }
          />
        </RNSVGGroup>
      </RNSVGSvgView>
    </View>
  </View>
  <View
    style={
      {
        "display": "flex",
        "flexDirection": "column",
        "gap": 16,
      }
    }
  >
    <View
      accessibilityLabel="Open"
      accessibilityRole="button"
      accessibilityState={
        {
          "busy": false,
          "checked": undefined,
          "disabled": false,
          "expanded": undefined,
          "selected": undefined,
        }
      }
      accessibilityValue={
        {
          "max": undefined,
          "min": undefined,
          "now": undefined,
          "text": undefined,
        }
      }
      accessible={true}
      collapsable={false}
      focusable={true}
      onBlur={[Function]}
      onClick={[Function]}
      onFocus={[Function]}
      onResponderGrant={[Function]}
      onResponderMove={[Function]}
      onResponderRelease={[Function]}
      onResponderTerminate={[Function]}
      onResponderTerminationRequest={[Function]}
      onStartShouldSetResponder={[Function]}
      style={
        {
          "alignSelf": "stretch",
          "flexShrink": 0,
        }
      }
    >
      <View
        style={
          [
            {
              "alignItems": "center",
              "borderCurve": "continuous",
              "elevation": 0,
              "flexDirection": "row",
              "justifyContent": "center",
              "overflow": "hidden",
              "textAlignVertical": "center",
            },
            false,
            {
              "backgroundColor": undefined,
            },
            {
              "paddingHorizontal": 16,
            },
            {
              "backgroundColor": "#0B3EE3",
              "borderColor": "#FFFFFF",
              "borderRadius": 8,
              "borderWidth": 0,
              "height": 48,
            },
            {},
          ]
        }
      >
        <View
          style={
            [
              {
                "alignItems": "center",
                "flexDirection": "row",
                "justifyContent": "center",
              },
              {
                "columnGap": 8,
              },
              false,
            ]
          }
        >
          <Text
            accessibilityElementsHidden={true}
            accessible={false}
            allowFontScaling={true}
            ellipsizeMode="tail"
            importantForAccessibility="no-hide-descendants"
            maxFontSizeMultiplier={1.5}
            numberOfLines={1}
            style={
              [
                {},
                {
                  "color": "#0E0F13",
                  "fontFamily": "Titillio",
                  "fontSize": 16,
                  "fontStyle": "normal",
                  "fontWeight": "600",
                  "lineHeight": undefined,
                },
                [
                  {
                    "textAlign": "auto",
                  },
                  {
                    "color": "#FFFFFF",
                  },
                  {
                    "color": undefined,
                  },
                ],
              ]
            }
          >
            Open
          </Text>
        </View>
      </View>
    </View>
    <View
      style={
        {
          "alignSelf": "center",
        }
      }
    >
      <View
        accessibilityLabel="Close"
        accessibilityRole="button"
        accessibilityState={
          {
            "busy": false,
            "checked": undefined,
            "disabled": false,
            "expanded": undefined,
            "selected": undefined,
          }
        }
        accessibilityValue={
          {
            "max": undefined,
            "min": undefined,
            "now": undefined,
            "text": undefined,
          }
        }
        accessible={true}
        collapsable={false}
        focusable={true}
        hitSlop={
          {
            "bottom": 14,
            "left": 24,
            "right": 24,
            "top": 14,
          }
        }
        onBlur={[Function]}
        onClick={[Function]}
        onFocus={[Function]}
        onResponderGrant={[Function]}
        onResponderMove={[Function]}
        onResponderRelease={[Function]}
        onResponderTerminate={[Function]}
        onResponderTerminationRequest={[Function]}
        onStartShouldSetResponder={[Function]}
        style={
          {
            "alignSelf": "flex-start",
          }
        }
      >
        <View
          style={
            [
              {
                "alignItems": "center",
                "borderCurve": "continuous",
                "elevation": 0,
                "flexDirection": "row",
                "justifyContent": "center",
                "overflow": "hidden",
                "textAlignVertical": "center",
              },
              false,
              {},
              {
                "paddingHorizontal": 0,
              },
              {
                "backgroundColor": "transparent",
                "borderColor": "#0B3EE3",
                "borderRadius": 8,
                "borderWidth": 0,
                "height": undefined,
              },
              {},
            ]
          }
        >
          <View
            style={
              [
                {
                  "alignItems": "center",
                  "flexDirection": "row",
                  "justifyContent": "center",
                },
                {
                  "columnGap": 8,
                },
                false,
              ]
            }
          >
            <Text
              accessibilityElementsHidden={true}
              accessible={false}
              allowFontScaling={true}
              ellipsizeMode="tail"
              importantForAccessibility="no-hide-descendants"
              maxFontSizeMultiplier={1.5}
              numberOfLines={1}
              style={
                [
                  {},
                  {
                    "color": "#0E0F13",
                    "fontFamily": "Titillio",
                    "fontSize": 16,
                    "fontStyle": "normal",
                    "fontWeight": "600",
                    "lineHeight": 20,
                  },
                  [
                    {
                      "textAlign": "auto",
                    },
                    {
                      "color": "#0B3EE3",
                    },
                    {
                      "color": undefined,
                    },
                  ],
                ]
              }
            >
              Close
            </Text>
          </View>
        </View>
      </View>
    </View>
  </View>
</View>
`;

exports[`CieCardReadContent when the Platform is "ios" should match the snapshot when the input props are: {
  title: 'Title',
  subtitle: 'Subtitle',
  pictogram: 'success',
  progress: 1
} 1`] = `
<View
  style={
    {
      "flex": 1,
      "paddingHorizontal": 24,
    }
  }
>
  <View
    style={
      {
        "height": 32,
      }
    }
  />
  <View
    style={
      {
        "display": "flex",
        "flex": 1,
        "flexDirection": "column",
        "gap": 16,
      }
    }
  >
    <View
      accessibilityLabel="1000%"
      accessibilityRole="progressbar"
      accessibilityValue={
        {
          "max": 100,
          "min": 0,
          "now": 1,
        }
      }
      accessible={true}
      focusable={true}
      importantForAccessibility="yes"
      onLayout={[Function]}
      style={
        {
          "backgroundColor": "#D2D6E3",
          "borderRadius": 4,
          "height": 4,
          "justifyContent": "center",
          "width": "100%",
        }
      }
    >
      <View
        style={
          [
            {
              "width": 0,
            },
            {
              "backgroundColor": "#00C5CA",
              "borderRadius": 4,
              "height": 4,
            },
          ]
        }
      />
    </View>
    <View
      style={
        {
          "display": "flex",
          "flexDirection": "row",
          "gap": 32,
        }
      }
    >
      <View
        style={
          {
            "flex": 1,
            "gap": 4,
            "paddingVertical": 8,
          }
        }
      >
        <View
          accessible={true}
        >
          <Text
            allowFontScaling={true}
            dynamicTypeRamp="title3"
            maxFontSizeMultiplier={1.5}
            style={
              [
                {},
                {
                  "color": "#0E0F13",
                  "fontFamily": "Titillio",
                  "fontSize": 20,
                  "fontStyle": "normal",
                  "fontWeight": "600",
                  "lineHeight": 24,
                },
              ]
            }
          >
            Title
          </Text>
        </View>
        <Text
          allowFontScaling={true}
          dynamicTypeRamp="body"
          maxFontSizeMultiplier={1.5}
          style={
            [
              {},
              {
                "color": "#636B82",
                "fontFamily": "Titillio",
                "fontSize": 16,
                "fontStyle": "normal",
                "fontWeight": "400",
                "lineHeight": 24,
              },
            ]
          }
        >
          Subtitle
        </Text>
      </View>
      <RNSVGSvgView
        align="xMidYMid"
        bbHeight={120}
        bbWidth={120}
        focusable={false}
        height={120}
        meetOrSlice={0}
        minX={0}
        minY={0}
        style={
          [
            {
              "backgroundColor": "transparent",
              "borderWidth": 0,
            },
            {
              "flex": 0,
              "height": 120,
              "width": 120,
            },
          ]
        }
        vbHeight={240}
        vbWidth={240}
        width={120}
      >
        <RNSVGGroup
          fill={
            {
              "payload": 4278190080,
              "type": 0,
            }
          }
        >
          <RNSVGPath
            d="m113.74 163 1.1-8.41 5.3-3.55 5.06-.4 1.57-4.88.83-5.55 5.66-3.03 7.35-.79 5.07 1.07 4.32 5.48 2.47-19.83 3.92-8.98 5.78-5.32 4.53-.75c.29-2.62.44-5.29.44-7.99C167.13 59.71 134.42 27 94.07 27 53.72 27 21 59.71 21 100.07c0 40.36 32.71 73.07 73.07 73.07 7.71 0 15.14-1.2 22.12-3.42l-2.45-6.72Z"
            fill={
              {
                "payload": 4289392367,
                "type": 0,
              }
            }
            propList={
              [
                "fill",
              ]
            }
          />
          <RNSVGPath
            d="M142.56 202.43c-1.34 0-2.8-.15-4.38-.44-11.03-2.03-18.79-11.47-21.33-19.38-1.55-4.83-1.17-8.91 1.04-11.2l2.88 2.78c-1.1 1.15-1.15 3.97-.11 7.2 2.19 6.81 8.83 14.93 18.24 16.67 4.38.81 7.34.32 8.79-1.45 2.45-2.98.69-9.42-.19-11.65l3.72-1.48c.42 1.04 3.94 10.34-.43 15.67-1.79 2.19-4.56 3.29-8.24 3.29l.01-.01Z"
            fill={
              {
                "payload": 4278927075,
                "type": 0,
              }
            }
            propList={
              [
                "fill",
              ]
            }
          />
          <RNSVGPath
            d="M146.3 185.03c-3.04 0-6.72-.53-11.06-1.59-17.32-4.23-21.57-16.39-22.56-23.26-.54-3.75.43-7.46 2.67-10.18 2.92-3.55 6.82-4.24 10.97-1.93l-1.94 3.5c-2.44-1.36-4.27-1.06-5.94.97-1.52 1.85-2.18 4.43-1.8 7.07.85 5.87 4.51 16.27 19.55 19.94 10.44 2.55 15.19 1.37 16.16-.59.72-1.45-.4-3.66-1.49-4.54l2.51-3.11c2.54 2.05 4.19 6.14 2.56 9.42-1.41 2.85-4.64 4.28-9.63 4.28v.02Z"
            fill={
              {
                "payload": 4278927075,
                "type": 0,
              }
            }
            propList={
              [
                "fill",
              ]
            }
          />
          <RNSVGPath
            d="M152.04 174.91c-4.89 0-11.5-3.06-20.94-9.63-5.64-3.93-8.3-10.28-7.68-18.38.57-7.5 6.31-13.6 13.35-14.17 2.09-.17 6.42-.52 9.73 2.42 2.47 2.19 3.81 5.75 3.99 10.57l-4 .15c-.14-3.69-1.03-6.29-2.65-7.73-1.88-1.67-4.47-1.61-6.75-1.42-5.1.41-9.26 4.92-9.68 10.48-.51 6.7 1.5 11.68 5.98 14.8 9.75 6.79 16.31 9.65 20.07 8.76 1.4-.33 2.45-1.21 3.29-2.76.81-1.49-.55-3.8-1.42-5.05-4.33-6.17-14.65-12.19-18.35-11.63l-.6-3.95c6.01-.92 17.61 6.71 22.22 13.28 3.12 4.44 2.63 7.49 1.67 9.26-1.38 2.55-3.36 4.15-5.88 4.75-.73.17-1.51.26-2.34.26l-.01-.01Z"
            fill={
              {
                "payload": 4278927075,
                "type": 0,
              }
            }
            propList={
              [
                "fill",
              ]
            }
          />
          <RNSVGPath
            d="M199.72 163.99c-7.16 0-14.29-1.78-21.16-5.33-6.79-3.51-11.4-10.13-12.34-17.7-.51-4.15.37-9.46 1.22-14.59 1.01-6.09 2.16-12.98.19-15.3-.33-.39-.94-.9-2.49-.9-2.91 0-5.32 1.04-7.39 3.19-7.96 8.27-7.27 29.08-7.26 29.29l-4 .15c-.03-.92-.75-22.73 8.37-32.21 2.82-2.93 6.27-4.41 10.27-4.41 2.38 0 4.24.78 5.54 2.31 3.16 3.73 1.97 10.92.7 18.54-.8 4.85-1.64 9.86-1.2 13.44.79 6.36 4.51 11.69 10.21 14.64 11.84 6.13 24.52 6.48 36.67 1.03l1.64 3.65c-6.25 2.8-12.63 4.2-18.98 4.2h.01ZM194.04 212.26c-6.74 0-14.48-.86-23.27-3.07-13.54-3.42-23.05-8.39-23.44-8.6l1.87-3.54c.37.2 37.68 19.53 67.92 6.96l1.54 3.69c-5.69 2.36-13.86 4.55-24.61 4.55l-.01.01Z"
            fill={
              {
                "payload": 4278927075,
                "type": 0,
              }
            }
            propList={
              [
                "fill",
              ]
            }
          />
          <RNSVGPath
            d="M88.22 123.5c-.4 0-.79-.16-1.07-.45L61.92 97.31c-.58-.59-.57-1.54.02-2.12.59-.58 1.54-.57 2.12.02l24.13 24.62 42.36-45.48c.56-.61 1.52-.64 2.12-.08.61.56.64 1.51.08 2.12l-43.43 46.63c-.28.3-.67.47-1.08.48h-.02Z"
            fill={
              {
                "payload": 4278240714,
                "type": 0,
              }
            }
            propList={
              [
                "fill",
              ]
            }
          />
        </RNSVGGroup>
      </RNSVGSvgView>
    </View>
  </View>
  <View
    style={
      {
        "display": "flex",
        "flexDirection": "column",
        "gap": 16,
      }
    }
  />
</View>
`;
