// Jest Snapshot v1, https://goo.gl/fbAQLP

exports[`EuCovidCertHeader it should match the snapshot 1`] = `
<View
  style={
    Object {
      "flexDirection": "row",
      "justifyContent": "space-between",
    }
  }
>
  <View
    style={
      Object {
        "flex": 1,
        "flexDirection": "column",
      }
    }
  >
    <Text
      color="bluegreyDark"
      defaultColor="bluegreyDark"
      defaultWeight="Bold"
      font="TitilliumWeb"
      fontStyle={
        Object {
          "fontSize": 26,
          "lineHeight": 32,
        }
      }
      style={
        Array [
          Object {
            "fontSize": 26,
            "lineHeight": 32,
          },
          Object {
            "color": "#17324D",
            "fontFamily": "Titillium Web",
            "fontStyle": "normal",
            "fontWeight": "700",
          },
        ]
      }
      testID="EuCovidCertHeaderTitle"
      weight="Bold"
    >
      title
    </Text>
    <Text
      color="bluegreyDark"
      defaultColor="bluegreyDark"
      defaultWeight="Bold"
      font="TitilliumWeb"
      fontStyle={
        Object {
          "fontSize": 20,
          "lineHeight": 24,
        }
      }
      style={
        Array [
          Object {
            "fontSize": 20,
            "lineHeight": 24,
          },
          Object {
            "color": "#17324D",
            "fontFamily": "Titillium Web",
            "fontStyle": "normal",
            "fontWeight": "700",
          },
        ]
      }
      testID="EuCovidCertHeaderSubTitle"
      weight="Bold"
    >
      subtitle
    </Text>
  </View>
  <Image
    accessibilityElementsHidden={true}
    importantForAccessibility="no"
    resizeMode="contain"
    source={
      Object {
        "uri": "logoUrl",
      }
    }
    style={
      Object {
        "height": 84,
        "width": 84,
      }
    }
    testID="EuCovidCertHeaderLogoID"
  />
</View>
`;
