// Jest Snapshot v1, https://goo.gl/fbAQLP

exports[`PayPalOnboardingCompletedSuccessComponent should match the snapshot 1`] = `
<View
  onLayout={[Function]}
  style={
    Object {
      "flex": 1,
    }
  }
>
  <View
    collapsable={false}
    forwardedRef={[Function]}
    onGestureHandlerEvent={[Function]}
    onGestureHandlerStateChange={[Function]}
    style={
      Object {
        "backgroundColor": "#eee",
        "flex": 1,
        "flexDirection": "column-reverse",
        "overflow": "hidden",
      }
    }
  >
    <View
      style={
        Object {
          "flex": 1,
        }
      }
    >
      <View
        forwardedRef={[Function]}
        pointerEvents="none"
        style={
          Object {
            "bottom": 0,
            "left": 0,
            "opacity": 0,
            "position": "absolute",
            "right": 0,
            "top": 0,
            "transform": Array [
              Object {
                "translateX": 1000000,
              },
              Object {
                "translateY": 1000000,
              },
            ],
          }
        }
      >
        <View
          accessibilityElementsHidden={true}
          style={
            Object {
              "backgroundColor": "#fff",
              "flex": 1,
            }
          }
        />
      </View>
      <View
        forwardedRef={[Function]}
        pointerEvents="box-only"
        style={
          Object {
            "bottom": 0,
            "left": 0,
            "opacity": 1,
            "position": "absolute",
            "right": 0,
            "top": 0,
            "transform": Array [
              Object {
                "translateX": 0,
              },
              Object {
                "translateY": 0,
              },
            ],
          }
        }
      >
        <View
          accessibilityElementsHidden={false}
          style={
            Object {
              "backgroundColor": "#fff",
              "flex": 1,
            }
          }
        >
          <View
            style={
              Array [
                Object {},
                Object {
                  "alignItems": "center",
                  "flex": 1,
                  "justifyContent": "center",
                  "padding": 24,
                },
              ]
            }
            testID="InfoScreenComponent"
          >
            <Image
              resizeMode="contain"
              source={
                Object {
                  "testUri": "../../../img/pictograms/payment-completed.png",
                }
              }
              style={
                Object {
                  "height": 102,
                  "width": 102,
                }
              }
              testID="rasterImage"
            />
            <View
              large={true}
              spacer={true}
              style={Object {}}
            />
            <Text
              accessible={true}
              color="bluegreyDark"
              defaultColor="bluegreyDark"
              defaultWeight="Bold"
              font="TitilliumWeb"
              fontStyle={
                Object {
                  "fontSize": 20,
                }
              }
              style={
                Array [
                  Object {
                    "textAlign": "center",
                  },
                  Object {
                    "fontSize": 20,
                  },
                  Object {
                    "color": "#17324D",
                    "fontFamily": "Titillium Web",
                    "fontStyle": "normal",
                    "fontWeight": "700",
                  },
                ]
              }
              testID="infoScreenTitle"
              weight="Bold"
            >
              Fatto!
            </Text>
            <View
              spacer={true}
              style={Object {}}
            />
            <Text
              color="bluegreyDark"
              defaultColor="bluegreyDark"
              defaultWeight="Regular"
              font="TitilliumWeb"
              fontStyle={
                Object {
                  "fontSize": 16,
                }
              }
              style={
                Array [
                  Object {
                    "textAlign": "center",
                  },
                  Object {
                    "fontSize": 16,
                  },
                  Object {
                    "color": "#17324D",
                    "fontFamily": "Titillium Web",
                    "fontStyle": "normal",
                    "fontWeight": "400",
                  },
                ]
              }
              testID="infoScreenBody"
              weight="Regular"
            >
              Ora puoi dare uno sguardo alle impostazioni del tuo nuovo metodo.
            </Text>
          </View>
          <View
            pointerEvents="box-none"
            style={
              Array [
                Object {},
                Object {
                  "marginTop": -50,
                  "overflow": "hidden",
                  "paddingTop": 50,
                },
              ]
            }
            testID="FooterWithButtons"
          >
            <View
              style={
                Array [
                  Object {},
                  Object {
                    "backgroundColor": "#FFFFFF",
                    "elevation": 20,
                    "paddingBottom": 16,
                    "paddingLeft": 24,
                    "paddingRight": 24,
                    "paddingTop": 16,
                    "shadowColor": "#000000",
                    "shadowOffset": Object {
                      "height": 50,
                      "width": 0,
                    },
                    "shadowOpacity": 0.5,
                    "shadowRadius": 37,
                  },
                ]
              }
            >
              <View
                style={
                  Array [
                    Object {},
                    Object {
                      "flexDirection": "row",
                    },
                  ]
                }
              >
                <View
                  accessibilityRole="button"
                  accessibilityState={
                    Object {
                      "disabled": undefined,
                    }
                  }
                  accessible={true}
                  focusable={true}
                  forwardedRef={[Function]}
                  hitSlop={
                    Object {
                      "bottom": 4,
                      "top": 4,
                    }
                  }
                  onClick={[Function]}
                  onResponderGrant={[Function]}
                  onResponderMove={[Function]}
                  onResponderRelease={[Function]}
                  onResponderTerminate={[Function]}
                  onResponderTerminationRequest={[Function]}
                  onStartShouldSetResponder={[Function]}
                  style={
                    Object {
                      "alignContent": "center",
                      "alignItems": "center",
                      "alignSelf": "flex-start",
                      "backgroundColor": "#007aff",
                      "borderBottomWidth": null,
                      "borderColor": "#007aff",
                      "borderLeftWidth": null,
                      "borderRadius": 5,
                      "borderRightWidth": null,
                      "borderTopWidth": null,
                      "borderWidth": undefined,
                      "elevation": 2,
                      "flex": 1,
                      "flexDirection": "row",
                      "height": 45,
                      "justifyContent": "center",
                      "opacity": 1,
                      "paddingBottom": 6,
                      "paddingTop": 6,
                      "shadowColor": undefined,
                      "shadowOffset": undefined,
                      "shadowOpacity": undefined,
                      "shadowRadius": undefined,
                    }
                  }
                  testID="primaryButtonId"
                >
                  <Text
                    style={
                      Array [
                        Object {
                          "backgroundColor": "transparent",
                          "color": "#fff",
                          "fontFamily": "System",
                          "fontSize": 16.5,
                          "marginLeft": 0,
                          "marginRight": 0,
                          "paddingLeft": 16,
                          "paddingRight": 16,
                        },
                        undefined,
                        undefined,
                      ]
                    }
                  >
                    Continua
                  </Text>
                </View>
              </View>
            </View>
          </View>
        </View>
      </View>
    </View>
  </View>
</View>
`;
